 blockchain64DEBUG

 Timestamp is 557504a1 (Mon Jun 08 10:57:37 2015)

 Preferred load address is 0000000140000000

 Start         Length     Name                   Class
 0001:00000000 00001c5dH .text$di                CODE
 0001:00001c60 000bc699H .text$mn                CODE
 0001:000be300 000030d2H .text$x                 CODE
 0001:000c13e0 0000110aH .text$yd                CODE
 0002:00000000 00000109H .CRT$XCA                DATA
 0002:00000110 00000109H .CRT$XCC                DATA
 0002:00000220 000001a8H .CRT$XCU                DATA
 0002:000003c8 00000109H .CRT$XCZ                DATA
 0002:000004d8 00000109H .CRT$XIA                DATA
 0002:000005e8 00000126H .CRT$XIC                DATA
 0002:00000710 00000109H .CRT$XIY                DATA
 0002:00000820 00000109H .CRT$XIZ                DATA
 0002:00000930 00000109H .CRT$XPA                DATA
 0002:00000a40 0000011cH .CRT$XPX                DATA
 0002:00000b60 00000109H .CRT$XPXA               DATA
 0002:00000c70 00000109H .CRT$XPZ                DATA
 0002:00000d80 00000109H .CRT$XTA                DATA
 0002:00000e90 00000109H .CRT$XTZ                DATA
 0002:00000fa0 00022d78H .rdata                  DATA
 0002:00023d18 00000169H .rdata$debug            DATA
 0002:00023e88 000015b5H .rdata$r                DATA
 0002:00025440 00000109H .rtc$IAA                DATA
 0002:00025550 00000109H .rtc$IZZ                DATA
 0002:00025660 00000109H .rtc$TAA                DATA
 0002:00025770 00000109H .rtc$TZZ                DATA
 0002:00025880 00005ab0H .xdata                  DATA
 0002:0002b330 00000598H .xdata$x                DATA
 0002:0002b8c8 00000000H .edata                  DATA
 0003:00000000 0000219aH .data                   DATA
 0003:000021a0 000007d4H .data$r                 DATA
 0003:00002980 00005588H .bss                    DATA
 0004:00000000 00005430H .pdata                  DATA
 0005:00000000 00000408H .idata$5                DATA
 0005:00000408 00000014H .idata$2                DATA
 0005:0000041c 00000014H .idata$3                DATA
 0005:00000430 00000408H .idata$4                DATA
 0005:00000838 0000090dH .idata$6                DATA

  Address         Publics by Value              Rva+Base               Lib:Object

 0000:00000000       __guard_flags              0000000000000000     <absolute>
 0000:00000000       ___safe_se_handler_count   0000000000000000     <absolute>
 0000:00000000       __guard_fids_count         0000000000000000     <absolute>
 0000:00000000       ___safe_se_handler_table   0000000000000000     <absolute>
 0000:00000000       __guard_fids_table         0000000000000000     <absolute>
 0000:00000000       __ImageBase                0000000140000000     <linker-defined>
 0001:00001c60       ?encodeBase58@@YA_NPEBEI_NPEADI@Z 0000000140002c60 f   Base58.obj
 0001:00001d60       ?decodeBase58@@YAIPEBDPEAEI_N@Z 0000000140002d60 f   Base58.obj
 0001:00001e80       ?BigNumberCompareTo58@@YA?AW4BigNumberCompare@@PEAVBigNumber@@@Z 0000000140002e80 f   Base58.obj
 0001:00001ef0       ?BigNumberCompareToBigInt@@YA?AW4BigNumberCompare@@PEAVBigNumber@@0@Z 0000000140002ef0 f   Base58.obj
 0001:00001fc0       ?BigNumberEqualsAdditionByBigInt@@YA_NPEAVBigNumber@@0@Z 0000000140002fc0 f   Base58.obj
 0001:000021d0       ?BigNumberEqualsDivisionBy58@@YAXPEAVBigNumber@@PEAE@Z 00000001400031d0 f   Base58.obj
 0001:00002300       ?BigNumberEqualsMultiplicationByUInt8@@YA_NPEAVBigNumber@@E@Z 0000000140003300 f   Base58.obj
 0001:00002450       ?BigNumberEqualsSubtractionByBigInt@@YAXPEAVBigNumber@@0@Z 0000000140003450 f   Base58.obj
 0001:00002540       ?BigNumberEqualsSubtractionByUInt8@@YAXPEAVBigNumber@@E@Z 0000000140003540 f   Base58.obj
 0001:000025f0       ?BigNumberFromPowUInt8@@YA_NPEAVBigNumber@@EE@Z 00000001400035f0 f   Base58.obj
 0001:00002670       ?BigNumberModuloWith58@@YAEPEAVBigNumber@@@Z 0000000140003670 f   Base58.obj
 0001:00002710       ?BigNumberNormalise@@YAXPEAVBigNumber@@@Z 0000000140003710 f   Base58.obj
 0001:00002760       ?CBDecodeBase58@@YA_NPEAVBigNumber@@PEBD@Z 0000000140003760 f   Base58.obj
 0001:00002a10       ?CBEncodeBase58@@YA_NPEAVBigNumber@@PEADI@Z 0000000140003a10 f   Base58.obj
 0001:00003100       ??0BigNumber@@QEAA@PEBEI@Z 0000000140004100 f i Base58.obj
 0001:000031b0       ?bitcoinAsciiToAddress@@YA_NPEBDQEAE@Z 00000001400041b0 f   BitcoinAddress.obj
 0001:000032e0       ?bitcoinAddressToAscii@@YA_NQEBEPEADI@Z 00000001400042e0 f   BitcoinAddress.obj
 0001:00003330       ?bitcoinPublicKeyToAscii@@YA_NQEBEPEADI@Z 0000000140004330 f   BitcoinAddress.obj
 0001:000033d0       ?bitcoinCompressedPublicKeyToAscii@@YA_NQEBEPEADI@Z 00000001400043d0 f   BitcoinAddress.obj
 0001:00003470       ?bitcoinPublicKeyToAddress@@YA_NQEBEQEAE@Z 0000000140004470 f   BitcoinAddress.obj
 0001:000035c0       ?bitcoinCompressedPublicKeyToAddress@@YA_NQEBEQEAE@Z 00000001400045c0 f   BitcoinAddress.obj
 0001:00003730       ?bitcoinRIPEMD160ToAddress@@YAXQEBEQEAE@Z 0000000140004730 f   BitcoinAddress.obj
 0001:00003850       ?bitcoinRIPEMD160ToScriptAddress@@YAXQEBEQEAE@Z 0000000140004850 f   BitcoinAddress.obj
 0001:00003b50       ?createBlockChain@@YAPEAVBlockChain@@PEBD@Z 0000000140004b50 f   BlockChain.obj
 0001:00004110       ?getAgeString@@YAPEBDW4AgeMarker@@@Z 0000000140005110 f   BlockChain.obj
 0001:00004880       ??0?$SimpleHash@VBitcoinAddress@@$0EAAAAA@$0ECMBNIA@@@QEAA@XZ 0000000140005880 f i BlockChain.obj
 0001:00004910       ??0?$SimpleHash@VBlockHeader@@$0EAAAAA@$0JCHMA@@@QEAA@XZ 0000000140005910 f i BlockChain.obj
 0001:000049a0       ??0?$SimpleHash@VFileLocation@@$0EAAAAA@$0FFNEKIA@@@QEAA@XZ 00000001400059a0 f i BlockChain.obj
 0001:00004a30       ??0AgeStat@@QEAA@XZ        0000000140005a30 f i BlockChain.obj
 0001:00004a60       ??0BitcoinAddress@@QEAA@QEBE@Z 0000000140005a60 f i BlockChain.obj
 0001:00004ad0       ??0BitcoinAddress@@QEAA@XZ 0000000140005ad0 f i BlockChain.obj
 0001:00004b20       ??0BitcoinAddressData@@QEAA@XZ 0000000140005b20 f i BlockChain.obj
 0001:00004b50       ??0BitcoinAddressDataChunk@@QEAA@XZ 0000000140005b50 f i BlockChain.obj
 0001:00004bc0       ??0BitcoinAddressDataFactory@@QEAA@XZ 0000000140005bc0 f i BlockChain.obj
 0001:00004c70       ??0BitcoinTransactionFactory@@QEAA@XZ 0000000140005c70 f i BlockChain.obj
 0001:00005550       ??0Block@BlockChain@@QEAA@XZ 0000000140006550 f i BlockChain.obj
 0001:00005590       ??0BlockChain@@QEAA@XZ     0000000140006590 f i BlockChain.obj
 0001:000055b0       ??0BlockChainImpl@@QEAA@PEBD@Z 00000001400065b0 f i BlockChain.obj
 0001:00005b30       ??0BlockHeader@@QEAA@AEBVHash256@@@Z 0000000140006b30 f i BlockChain.obj
 0001:00005b90       ??0BlockHeader@@QEAA@XZ    0000000140006b90 f i BlockChain.obj
 0001:00005bf0       ??0BlockImpl@@QEAA@XZ      0000000140006bf0 f i BlockChain.obj
 0001:00005ca0       ??0BlockInput@BlockChain@@QEAA@XZ 0000000140006ca0 f i BlockChain.obj
 0001:00005cf0       ??0BlockOutput@BlockChain@@QEAA@XZ 0000000140006cf0 f i BlockChain.obj
 0001:00005e10       ??0BlockTransaction@BlockChain@@QEAA@XZ 0000000140006e10 f i BlockChain.obj
 0001:00005e70       ??0FileLocation@@QEAA@AEBVHash256@@IIII@Z 0000000140006e70 f i BlockChain.obj
 0001:00005ef0       ??0FileLocation@@QEAA@XZ   0000000140006ef0 f i BlockChain.obj
 0001:00005f20       ??0Hash256@@QEAA@AEBV0@@Z  0000000140006f20 f i BlockChain.obj
 0001:00005f90       ??0Hash256@@QEAA@PEBE@Z    0000000140006f90 f i BlockChain.obj
 0001:00006000       ??0Hash256@@QEAA@XZ        0000000140007000 f i BlockChain.obj
 0001:00006050       ??0HashEntry@?$SimpleHash@VBitcoinAddress@@$0EAAAAA@$0ECMBNIA@@@QEAA@XZ 0000000140007050 f i BlockChain.obj
 0001:00006090       ??0HashEntry@?$SimpleHash@VBlockHeader@@$0EAAAAA@$0JCHMA@@@QEAA@XZ 0000000140007090 f i BlockChain.obj
 0001:000060d0       ??0HashEntry@?$SimpleHash@VFileLocation@@$0EAAAAA@$0FFNEKIA@@@QEAA@XZ 00000001400070d0 f i BlockChain.obj
 0001:00006110       ??0HeapSortPointers@@QEAA@XZ 0000000140007110 f i BlockChain.obj
 0001:00006130       ??0OutputAddress@BlockChain@@QEAA@XZ 0000000140007130 f i BlockChain.obj
 0001:00006170       ??0SignatureStat@@QEAA@XZ  0000000140007170 f i BlockChain.obj
 0001:000061b0       ??0SortByAge@@QEAA@PEAPEAVBitcoinAddress@@I@Z 00000001400071b0 f i BlockChain.obj
 0001:00006210       ??0SortByBalance@@QEAA@PEAPEAVBitcoinAddress@@I@Z 0000000140007210 f i BlockChain.obj
 0001:00006270       ??0StatAddress@@QEAA@XZ    0000000140007270 f i BlockChain.obj
 0001:000062e0       ??0StatRow@@QEAA@XZ        00000001400072e0 f i BlockChain.obj
 0001:00006450       ??0StatValue@@QEAA@XZ      0000000140007450 f i BlockChain.obj
 0001:00006480       ??0Transaction@@QEAA@XZ    0000000140007480 f i BlockChain.obj
 0001:000064d0       ??0TransactionBlockStat@@QEAA@XZ 00000001400074d0 f i BlockChain.obj
 0001:00006510       ??0TransactionInput@@QEAA@XZ 0000000140007510 f i BlockChain.obj
 0001:00006540       ??0TransactionOutput@@QEAA@XZ 0000000140007540 f i BlockChain.obj
 0001:00006570       ??0ZombieFinder@@QEAA@XZ   0000000140007570 f i BlockChain.obj
 0001:000065c0       ??1?$SimpleHash@VBitcoinAddress@@$0EAAAAA@$0ECMBNIA@@@QEAA@XZ 00000001400075c0 f i BlockChain.obj
 0001:000065f0       ??1?$SimpleHash@VBlockHeader@@$0EAAAAA@$0JCHMA@@@QEAA@XZ 00000001400075f0 f i BlockChain.obj
 0001:00006620       ??1?$SimpleHash@VFileLocation@@$0EAAAAA@$0FFNEKIA@@@QEAA@XZ 0000000140007620 f i BlockChain.obj
 0001:00006650       ??1BitcoinAddress@@QEAA@XZ 0000000140007650 f i BlockChain.obj
 0001:00006690       ??1BitcoinAddressDataChunk@@QEAA@XZ 0000000140007690 f i BlockChain.obj
 0001:000066a0       ??1BitcoinAddressDataFactory@@QEAA@XZ 00000001400076a0 f i BlockChain.obj
 0001:00006770       ??1BitcoinTransactionFactory@@UEAA@XZ 0000000140007770 f i BlockChain.obj
 0001:000068d0       ??1BlockChainImpl@@UEAA@XZ 00000001400078d0 f i BlockChain.obj
 0001:00006b30       ??1StatRow@@QEAA@XZ        0000000140007b30 f i BlockChain.obj
 0001:00006bd0       ??1TransactionBlockStat@@QEAA@XZ 0000000140007bd0 f i BlockChain.obj
 0001:00006c00       ??2@YAPEAX_KPEAX@Z         0000000140007c00 f i BlockChain.obj
 0001:00006c20       ??3@YAXPEAX0@Z             0000000140007c20 f i BlockChain.obj
 0001:00006c30       ??8BitcoinAddress@@QEBA_NAEBV0@@Z 0000000140007c30 f i BlockChain.obj
 0001:00006cb0       ??8Hash256@@QEBA_NAEBV0@@Z 0000000140007cb0 f i BlockChain.obj
 0001:00006d50       ??8StatAddress@@QEBA_NAEBV0@@Z 0000000140007d50 f i BlockChain.obj
 0001:00006e50       ??_GBitcoinAddressDataChunk@@QEAAPEAXI@Z 0000000140007e50 f i BlockChain.obj
 0001:00006ea0       ??_GBitcoinAddressDataFactory@@QEAAPEAXI@Z 0000000140007ea0 f i BlockChain.obj
 0001:00006ef0       ??_GBitcoinTransactionFactory@@UEAAPEAXI@Z 0000000140007ef0 f i BlockChain.obj
 0001:00006ef0       ??_EBitcoinTransactionFactory@@UEAAPEAXI@Z 0000000140007ef0 f i BlockChain.obj
 0001:00006f40       ??_GBlockChainImpl@@UEAAPEAXI@Z 0000000140007f40 f i BlockChain.obj
 0001:00006f40       ??_EBlockChainImpl@@UEAAPEAXI@Z 0000000140007f40 f i BlockChain.obj
 0001:00006f90       ??_H@YAXPEAX_KHP6APEAX0@Z@Z 0000000140007f90 f i BlockChain.obj
 0001:00007000       ?accumulateTransactionValues@BlockChainImpl@@UEAAXPEBVBlock@BlockChain@@@Z 0000000140008000 f i BlockChain.obj
 0001:000074d0       ?addValue@AgeStat@@QEAAX_K@Z 00000001400084d0 f i BlockChain.obj
 0001:00007520       ?analyzeSignature@BlockChainImpl@@QEAAIPEBEIII00_K@Z 0000000140008520 f i BlockChain.obj
 0001:000086a0       ?buildBlockChain@BlockChainImpl@@UEAAIXZ 00000001400096a0 f i BlockChain.obj
 0001:00008a30       ?clearBrandNew@BitcoinAddress@@QEAAXXZ 0000000140009a30 f i BlockChain.obj
 0001:00008a60       ?compare@SortByAge@@UEAAHPEAX0@Z 0000000140009a60 f i BlockChain.obj
 0001:00008b00       ?compare@SortByBalance@@UEAAHPEAX0@Z 0000000140009b00 f i BlockChain.obj
 0001:00008c00       ?countTransaction@BitcoinTransactionFactory@@QEAAXPEAVBitcoinAddress@@IAEAI@Z 0000000140009c00 f i BlockChain.obj
 0001:00008ca0       ?dump@BlockChainImpl@@UEAAXM@Z 0000000140009ca0 f i BlockChain.obj
 0001:00008d00       ?dumpByAge@BitcoinTransactionFactory@@QEAAXM@Z 0000000140009d00 f i BlockChain.obj
 0001:00009280       ?dumpByBalance@BitcoinTransactionFactory@@QEAAXM@Z 000000014000a280 f i BlockChain.obj
 0001:00009800       ?exportTransactions@BlockChainImpl@@QEAAXPEBVBlock@BlockChain@@@Z 000000014000a800 f i BlockChain.obj
 0001:0000a3b0       ?find@?$SimpleHash@VBitcoinAddress@@$0EAAAAA@$0ECMBNIA@@@QEBAPEAVBitcoinAddress@@AEBV2@@Z 000000014000b3b0 f i BlockChain.obj
 0001:0000a460       ?find@?$SimpleHash@VBlockHeader@@$0EAAAAA@$0JCHMA@@@QEBAPEAVBlockHeader@@AEBV2@@Z 000000014000b460 f i BlockChain.obj
 0001:0000a510       ?find@?$SimpleHash@VFileLocation@@$0EAAAAA@$0FFNEKIA@@@QEBAPEAVFileLocation@@AEBV2@@Z 000000014000b510 f i BlockChain.obj
 0001:0000a5c0       ?freeData@BitcoinAddressDataFactory@@QEAAXPEAVBitcoinAddressData@@@Z 000000014000b5c0 f i BlockChain.obj
 0001:0000a600       ?gatherAddresses@BitcoinTransactionFactory@@QEAAXI@Z 000000014000b600 f i BlockChain.obj
 0001:0000c8f0       ?gatherAddresses@BlockChainImpl@@UEAAII@Z 000000014000d8f0 f i BlockChain.obj
 0001:0000c940       ?gatherStatistics@BitcoinTransactionFactory@@QEAAXII_N@Z 000000014000d940 f i BlockChain.obj
 0001:0000def0       ?gatherStatistics@BlockChainImpl@@UEAAXII_N@Z 000000014000eef0 f i BlockChain.obj
 0001:0000df40       ?gatherTransaction@BitcoinTransactionFactory@@QEAAXPEAVBitcoinAddress@@PEAVTransaction@@I@Z 000000014000ef40 f i BlockChain.obj
 0001:0000e000       ?getAddress@BitcoinTransactionFactory@@QEAAPEAVBitcoinAddress@@I@Z 000000014000f000 f i BlockChain.obj
 0001:0000e060       ?getAddress@BitcoinTransactionFactory@@QEAAPEAVBitcoinAddress@@QEBEAEAI@Z 000000014000f060 f i BlockChain.obj
 0001:0000e150       ?getAddressCount@BitcoinTransactionFactory@@QEBAIXZ 000000014000f150 f i BlockChain.obj
 0001:0000e180       ?getAddressString@BitcoinTransactionFactory@@QEAAPEBDPEAVBitcoinAddress@@@Z 000000014000f180 f i BlockChain.obj
 0001:0000e1f0       ?getAsciiAddress@BlockImpl@@QEAAXAEAVBlockOutput@BlockChain@@@Z 000000014000f1f0 f i BlockChain.obj
 0001:0000e430       ?getBTC@BitcoinTransactionFactory@@QEAAI_K@Z 000000014000f430 f i BlockChain.obj
 0001:0000e470       ?getBalance@BitcoinAddress@@QEAA_KXZ 000000014000f470 f i BlockChain.obj
 0001:0000e4c0       ?getBalance@StatAddress@@QEBAIXZ 000000014000f4c0 f i BlockChain.obj
 0001:0000e4e0       ?getBlock@BitcoinTransactionFactory@@QEBAPEAVTransaction@@IAEAI@Z 000000014000f4e0 f i BlockChain.obj
 0001:0000e610       ?getBlockCount@BlockChainImpl@@UEBAIXZ 000000014000f610 f i BlockChain.obj
 0001:0000e630       ?getData@BitcoinAddress@@QEAAAEAVBitcoinAddressData@@XZ 000000014000f630 f i BlockChain.obj
 0001:0000e760       ?getData@BitcoinAddressDataChunk@@QEAAPEAVBitcoinAddressData@@XZ 000000014000f760 f i BlockChain.obj
 0001:0000e7d0       ?getData@BitcoinAddressDataFactory@@QEAAPEAVBitcoinAddressData@@XZ 000000014000f7d0 f i BlockChain.obj
 0001:0000e910       ?getDaysSinceLastUsed@BitcoinAddress@@QEAAII@Z 000000014000f910 f i BlockChain.obj
 0001:0000ea10       ?getHash@?$SimpleHash@VBitcoinAddress@@$0EAAAAA@$0ECMBNIA@@@AEBAIAEBVBitcoinAddress@@@Z 000000014000fa10 f i BlockChain.obj
 0001:0000ea40       ?getHash@?$SimpleHash@VBlockHeader@@$0EAAAAA@$0JCHMA@@@AEBAIAEBVBlockHeader@@@Z 000000014000fa40 f i BlockChain.obj
 0001:0000ea70       ?getHash@?$SimpleHash@VFileLocation@@$0EAAAAA@$0FFNEKIA@@@AEBAIAEBVFileLocation@@@Z 000000014000fa70 f i BlockChain.obj
 0001:0000eaa0       ?getHash@BitcoinAddress@@QEBAIXZ 000000014000faa0 f i BlockChain.obj
 0001:0000eb30       ?getHash@Hash256@@QEBAIXZ  000000014000fb30 f i BlockChain.obj
 0001:0000ebf0       ?getIndex@?$SimpleHash@VBitcoinAddress@@$0EAAAAA@$0ECMBNIA@@@QEBAIPEBVBitcoinAddress@@@Z 000000014000fbf0 f i BlockChain.obj
 0001:0000ec70       ?getInputCount@BitcoinAddress@@QEAAIXZ 000000014000fc70 f i BlockChain.obj
 0001:0000eca0       ?getInputs@BitcoinTransactionFactory@@QEAAPEAVTransactionInput@@I@Z 000000014000fca0 f i BlockChain.obj
 0001:0000ed90       ?getKey@?$SimpleHash@VBitcoinAddress@@$0EAAAAA@$0ECMBNIA@@@QEBAPEAVBitcoinAddress@@I@Z 000000014000fd90 f i BlockChain.obj
 0001:0000ee30       ?getKey@BitcoinTransactionFactory@@QEBAPEBDI@Z 000000014000fe30 f i BlockChain.obj
 0001:0000f140       ?getKeyType@BlockImpl@@QEAAPEBDW4KeyType@BlockChain@@@Z 0000000140010140 f i BlockChain.obj
 0001:0000f260       ?getLastUsedTime@BitcoinAddress@@QEAAIXZ 0000000140010260 f i BlockChain.obj
 0001:0000f2c0       ?getMultiSigAddress@BitcoinTransactionFactory@@QEAAPEAVBitcoinAddress@@QEBEAEAIIIIII@Z 00000001400102c0 f i BlockChain.obj
 0001:0000f4a0       ?getOutputCount@BitcoinAddress@@QEAAIXZ 00000001400104a0 f i BlockChain.obj
 0001:0000f4d0       ?getOutputs@BitcoinTransactionFactory@@QEAAPEAVTransactionOutput@@I@Z 00000001400104d0 f i BlockChain.obj
 0001:0000f5c0       ?getReadBufferAdvance@BlockImpl@@QEAAPEBEI@Z 00000001400105c0 f i BlockChain.obj
 0001:0000f660       ?getSingleTransaction@BitcoinTransactionFactory@@QEAAPEAVTransaction@@I@Z 0000000140010660 f i BlockChain.obj
 0001:0000f730       ?getStatSize@BitcoinTransactionFactory@@QEAA?AW4StatSize@@_K@Z 0000000140010730 f i BlockChain.obj
 0001:0000f7a0       ?getTransactions@BitcoinTransactionFactory@@QEAAPEAVTransaction@@I@Z 00000001400107a0 f i BlockChain.obj
 0001:0000f8a0       ?getUsage@BitcoinTransactionFactory@@UEAAIIIIAEAIM@Z 00000001400108a0 f i BlockChain.obj
 0001:0000fb20       ?getUsage@BlockChainImpl@@UEAAIIIIAEAI@Z 0000000140010b20 f i BlockChain.obj
 0001:0000fbb0       ?heapSort@HeapSortPointers@@QEAAXPEAPEAXH@Z 0000000140010bb0 f i BlockChain.obj
 0001:0000fc90       ?heapify@HeapSortPointers@@AEAAXPEAPEAXHH@Z 0000000140010c90 f i BlockChain.obj
 0001:0000fd10       ?init@?$SimpleHash@VBitcoinAddress@@$0EAAAAA@$0ECMBNIA@@@QEAAXXZ 0000000140010d10 f i BlockChain.obj
 0001:0000fe10       ?init@?$SimpleHash@VBlockHeader@@$0EAAAAA@$0JCHMA@@@QEAAXXZ 0000000140010e10 f i BlockChain.obj
 0001:0000ff10       ?init@?$SimpleHash@VFileLocation@@$0EAAAAA@$0FFNEKIA@@@QEAAXXZ 0000000140010f10 f i BlockChain.obj
 0001:00010020       ?init@BitcoinTransactionFactory@@QEAAXXZ 0000000140011020 f i BlockChain.obj
 0001:00010390       ?init@TransactionBlockStat@@QEAAXXZ 0000000140011390 f i BlockChain.obj
 0001:00010440       ?insert@?$SimpleHash@VBitcoinAddress@@$0EAAAAA@$0ECMBNIA@@@QEAAPEAVBitcoinAddress@@AEBV2@@Z 0000000140011440 f i BlockChain.obj
 0001:00010670       ?insert@?$SimpleHash@VBlockHeader@@$0EAAAAA@$0JCHMA@@@QEAAPEAVBlockHeader@@AEBV2@@Z 0000000140011670 f i BlockChain.obj
 0001:000108a0       ?insert@?$SimpleHash@VFileLocation@@$0EAAAAA@$0FFNEKIA@@@QEAAPEAVFileLocation@@AEBV2@@Z 00000001400118a0 f i BlockChain.obj
 0001:00010ad0       ?isBrandNew@BitcoinAddress@@QEBA_NXZ 0000000140011ad0 f i BlockChain.obj
 0001:00010b10       ?isMultiSig@BitcoinAddress@@QEAA_NXZ 0000000140011b10 f i BlockChain.obj
 0001:00010b60       ?isScriptHash@BitcoinAddress@@QEAA_NXZ 0000000140011b60 f i BlockChain.obj
 0001:00010bb0       ?isSigHash@BlockChainImpl@@QEBA_NEAEAI@Z 0000000140011bb0 f i BlockChain.obj
 0001:00010d10       ?isStealth@BitcoinAddress@@QEAA_NXZ 0000000140011d10 f i BlockChain.obj
 0001:00010d60       ?isValid@BlockChainImpl@@QEAA_NXZ 0000000140011d60 f i BlockChain.obj
 0001:00010db0       ?markBlock@BitcoinTransactionFactory@@QEAAXPEAVTransaction@@@Z 0000000140011db0 f i BlockChain.obj
 0001:00010e60       ?openBlock@BlockChainImpl@@QEAA_NXZ 0000000140011e60 f i BlockChain.obj
 0001:00011090       ?printAddress@BitcoinTransactionFactory@@QEAAXPEAVBitcoinAddress@@@Z 0000000140012090 f i BlockChain.obj
 0001:00011360       ?printAddress@BitcoinTransactionFactory@@QEAAXPEBD@Z 0000000140012360 f i BlockChain.obj
 0001:00011490       ?printAddress@BlockChainImpl@@UEAAXPEBD@Z 0000000140012490 f i BlockChain.obj
 0001:000114d0       ?printAddresses@BitcoinTransactionFactory@@QEAAXXZ 00000001400124d0 f i BlockChain.obj
 0001:00011550       ?printAddresses@BlockChainImpl@@UEAAXXZ 0000000140012550 f i BlockChain.obj
 0001:00011580       ?printBlock@BlockChainImpl@@UEAAXPEBVBlock@BlockChain@@@Z 0000000140012580 f i BlockChain.obj
 0001:00011cd0       ?printBlockHeaders@BlockChainImpl@@UEAAXXZ 0000000140012cd0 f i BlockChain.obj
 0001:00011d70       ?printBlocks@BlockChainImpl@@UEAAXXZ 0000000140012d70 f i BlockChain.obj
 0001:00011dd0       ?printExportHeader@BlockChainImpl@@QEAAXXZ 0000000140012dd0 f i BlockChain.obj
 0001:000120d0       ?printOldest@BitcoinTransactionFactory@@QEAAXIM@Z 00000001400130d0 f i BlockChain.obj
 0001:00012640       ?printOldest@BlockChainImpl@@UEAAXIM@Z 0000000140013640 f i BlockChain.obj
 0001:00012680       ?printTopBalances@BitcoinTransactionFactory@@QEAAXIM@Z 0000000140013680 f i BlockChain.obj
 0001:00012b60       ?printTopBalances@BlockChainImpl@@UEAAXIM@Z 0000000140013b60 f i BlockChain.obj
 0001:00012ba0       ?printTransaction@BitcoinTransactionFactory@@QEAAXIPEAVTransaction@@I@Z 0000000140013ba0 f i BlockChain.obj
 0001:00013110       ?printTransactions@BitcoinTransactionFactory@@QEAAXI@Z 0000000140014110 f i BlockChain.obj
 0001:00013210       ?printTransactions@BlockChainImpl@@UEAAXI@Z 0000000140014210 f i BlockChain.obj
 0001:00013240       ?processBlockData@BlockImpl@@QEAA_NPEBXIAEAI@Z 0000000140014240 f i BlockChain.obj
 0001:000134a0       ?processSingleBlock@BlockChainImpl@@UEAAPEBVBlock@BlockChain@@PEBXI@Z 00000001400144a0 f i BlockChain.obj
 0001:000135a0       ?processSingleTransaction@BlockChainImpl@@UEAAPEBVBlockTransaction@BlockChain@@PEBXI@Z 00000001400145a0 f i BlockChain.obj
 0001:00013680       ?processTransactionData@BlockImpl@@QEAAPEBVBlockTransaction@BlockChain@@PEBXI@Z 0000000140014680 f i BlockChain.obj
 0001:00013780       ?processTransactions@BlockChainImpl@@QEAAXAEAVBlock@BlockChain@@@Z 0000000140014780 f i BlockChain.obj
 0001:00013a80       ?processTransactions@BlockChainImpl@@UEAAXPEBVBlock@BlockChain@@@Z 0000000140014a80 f i BlockChain.obj
 0001:00014520       ?quickKey@BitcoinTransactionFactory@@QEBAPEBDI@Z 0000000140015520 f i BlockChain.obj
 0001:000145e0       ?readBlock@BlockChainImpl@@UEAAPEBVBlock@BlockChain@@I@Z 00000001400155e0 f i BlockChain.obj
 0001:000146d0       ?readBlock@BlockChainImpl@@UEAA_NAEAVBlockImpl@@I@Z 00000001400156d0 f i BlockChain.obj
 0001:000151b0       ?readBlockHeader@BlockChainImpl@@QEAA_NXZ 00000001400161b0 f i BlockChain.obj
 0001:000157c0       ?readBlockHeaders@BlockChainImpl@@UEAA_NIAEAI@Z 00000001400167c0 f i BlockChain.obj
 0001:00015850       ?readHash@BlockImpl@@QEAAPEBEXZ 0000000140016850 f i BlockChain.obj
 0001:000158f0       ?readInput@BlockImpl@@QEAA_NAEAVBlockInput@BlockChain@@@Z 00000001400168f0 f i BlockChain.obj
 0001:00015a60       ?readOutput@BlockImpl@@QEAA_NAEAVBlockOutput@BlockChain@@@Z 0000000140016a60 f i BlockChain.obj
 0001:00016e10       ?readSingleTransaction@BlockChainImpl@@UEAAPEBVBlockTransaction@BlockChain@@PEBE@Z 0000000140017e10 f i BlockChain.obj
 0001:00017150       ?readTransaction@BlockImpl@@QEAA_NAEAVBlockTransaction@BlockChain@@AEAII@Z 0000000140018150 f i BlockChain.obj
 0001:000176e0       ?readU16@BlockImpl@@QEAAGXZ 00000001400186e0 f i BlockChain.obj
 0001:00017780       ?readU32@BlockImpl@@QEAAIXZ 0000000140018780 f i BlockChain.obj
 0001:00017820       ?readU64@BlockImpl@@QEAA_KXZ 0000000140018820 f i BlockChain.obj
 0001:000178c0       ?readU8@BlockImpl@@QEAAEXZ 00000001400188c0 f i BlockChain.obj
 0001:00017960       ?readVariableLengthInteger@BlockImpl@@QEAAIXZ 0000000140018960 f i BlockChain.obj
 0001:00017a50       ?release@BlockChainImpl@@UEAAXXZ 0000000140018a50 f i BlockChain.obj
 0001:00017ac0       ?reportCounts@BitcoinTransactionFactory@@QEAAXXZ 0000000140018ac0 f i BlockChain.obj
 0001:00018960       ?reportCounts@BlockChainImpl@@UEAAXXZ 0000000140019960 f i BlockChain.obj
 0001:00018a30       ?reportTransactionValues@BlockChainImpl@@UEAAXI@Z 0000000140019a30 f i BlockChain.obj
 0001:00018f30       ?saveAddressesOverTime@BitcoinTransactionFactory@@QEAAXXZ 0000000140019f30 f i BlockChain.obj
 0001:00019ac0       ?saveStatistics@BitcoinTransactionFactory@@QEAAX_NM@Z 000000014001aac0 f i BlockChain.obj
 0001:0001acb0       ?saveStatistics@BlockChainImpl@@UEAAX_NM@Z 000000014001bcb0 f i BlockChain.obj
 0001:0001ad00       ?searchForText@BlockChainImpl@@UEAAXI@Z 000000014001bd00 f i BlockChain.obj
 0001:0001ad20       ?setAnalyzeInputSignatures@BlockChainImpl@@UEAAX_N@Z 000000014001bd20 f i BlockChain.obj
 0001:0001ad40       ?setExportTransactions@BlockChainImpl@@UEAAX_N@Z 000000014001bd40 f i BlockChain.obj
 0001:0001ad60       ?setMemoryMapFileName@?$SimpleHash@VBitcoinAddress@@$0EAAAAA@$0ECMBNIA@@@QEAAXPEBD@Z 000000014001bd60 f i BlockChain.obj
 0001:0001ad90       ?setMemoryMapFileName@?$SimpleHash@VBlockHeader@@$0EAAAAA@$0JCHMA@@@QEAAXPEBD@Z 000000014001bd90 f i BlockChain.obj
 0001:0001adc0       ?setMemoryMapFileName@?$SimpleHash@VFileLocation@@$0EAAAAA@$0FFNEKIA@@@QEAAXPEBD@Z 000000014001bdc0 f i BlockChain.obj
 0001:0001adf0       ?setZombieDays@BlockChainImpl@@UEAAXI@Z 000000014001bdf0 f i BlockChain.obj
 0001:0001ae10       ?shiftRight@HeapSortPointers@@AEAAXPEAPEAXHH@Z 000000014001be10 f i BlockChain.obj
 0001:0001afa0       ?size@?$SimpleHash@VBitcoinAddress@@$0EAAAAA@$0ECMBNIA@@@QEBAIXZ 000000014001bfa0 f i BlockChain.obj
 0001:0001afc0       ?size@?$SimpleHash@VBlockHeader@@$0EAAAAA@$0JCHMA@@@QEBAIXZ 000000014001bfc0 f i BlockChain.obj
 0001:0001afe0       ?tipJar@BitcoinTransactionFactory@@QEAAXPEAU_iobuf@@@Z 000000014001bfe0 f i BlockChain.obj
 0001:0001b090       ?zombieReport@BitcoinTransactionFactory@@QEAAXIIMAEAUZombieReport@BlockChain@@@Z 000000014001c090 f i BlockChain.obj
 0001:0001b6b0       ?zombieReport@BlockChainImpl@@UEAAXIIMAEAUZombieReport@BlockChain@@@Z 000000014001c6b0 f i BlockChain.obj
 0001:0001b710       ?createMemoryMap@@YAPEAVMemoryMap@@PEBD_K_N@Z 000000014001c710 f   MemoryMap.obj
 0001:0001b7f0       ??0MemoryMap@@QEAA@XZ      000000014001c7f0 f i MemoryMap.obj
 0001:0001b810       ??0MemoryMapImpl@@QEAA@PEBD_K_N@Z 000000014001c810 f i MemoryMap.obj
 0001:0001bd00       ??1MemoryMap@@MEAA@XZ      000000014001cd00 f i MemoryMap.obj
 0001:0001bd20       ??1MemoryMapImpl@@UEAA@XZ  000000014001cd20 f i MemoryMap.obj
 0001:0001bda0       ??_GMemoryMap@@MEAAPEAXI@Z 000000014001cda0 f i MemoryMap.obj
 0001:0001bda0       ??_EMemoryMap@@MEAAPEAXI@Z 000000014001cda0 f i MemoryMap.obj
 0001:0001bdf0       ??_EMemoryMapImpl@@UEAAPEAXI@Z 000000014001cdf0 f i MemoryMap.obj
 0001:0001bdf0       ??_GMemoryMapImpl@@UEAAPEAXI@Z 000000014001cdf0 f i MemoryMap.obj
 0001:0001be40       ?getBaseAddress@MemoryMapImpl@@UEAAPEAXXZ 000000014001ce40 f i MemoryMap.obj
 0001:0001be60       ?getFileSize@MemoryMapImpl@@QEAA_KPEAX@Z 000000014001ce60 f i MemoryMap.obj
 0001:0001bef0       ?release@MemoryMapImpl@@UEAAXXZ 000000014001cef0 f i MemoryMap.obj
 0001:0001bf60       ?createBlockChainAddresses@@YAPEAVBlockChainAddresses@@PEBD@Z 000000014001cf60 f   BlockChainAddresses.obj
 0001:0001bfe0       ??$_Allocate@U_Container_proxy@std@@@std@@YAPEAU_Container_proxy@0@_KPEAU10@@Z 000000014001cfe0 f i BlockChainAddresses.obj
 0001:0001c060       ??$_Allocate@VStatAddress@BlockChainAddresses@@@std@@YAPEAVStatAddress@BlockChainAddresses@@_KPEAV12@@Z 000000014001d060 f i BlockChainAddresses.obj
 0001:0001c0e0       ??$_Debug_pointer@VStatAddress@BlockChainAddresses@@@std@@YAXPEAVStatAddress@BlockChainAddresses@@PEB_WI@Z 000000014001d0e0 f i BlockChainAddresses.obj
 0001:0001c130       ??$_Debug_range2@PEAVStatAddress@BlockChainAddresses@@@std@@YAXPEAVStatAddress@BlockChainAddresses@@0PEB_WIUrandom_access_iterator_tag@0@@Z 000000014001d130 f i BlockChainAddresses.obj
 0001:0001c1c0       ??$_Debug_range@PEAVStatAddress@BlockChainAddresses@@@std@@YAXPEAVStatAddress@BlockChainAddresses@@0PEB_WI@Z 000000014001d1c0 f i BlockChainAddresses.obj
 0001:0001c220       ??$_Destroy_range@U?$_Wrap_alloc@V?$allocator@VStatAddress@BlockChainAddresses@@@std@@@std@@@std@@YAXPEAVStatAddress@BlockChainAddresses@@0AEAU?$_Wrap_alloc@V?$allocator@VStatAddress@BlockChainAddresses@@@std@@@0@@Z 000000014001d220 f i BlockChainAddresses.obj
 0001:0001c280       ??$_Destroy_range@U?$_Wrap_alloc@V?$allocator@VStatAddress@BlockChainAddresses@@@std@@@std@@@std@@YAXPEAVStatAddress@BlockChainAddresses@@0AEAU?$_Wrap_alloc@V?$allocator@VStatAddress@BlockChainAddresses@@@std@@@0@U_Nonscalar_ptr_iterator_tag@0@@Z 000000014001d280 f i BlockChainAddresses.obj
 0001:0001c2e0       ??$_Iter_cat@PEAVStatAddress@BlockChainAddresses@@@std@@YA?AUrandom_access_iterator_tag@0@AEBQEAVStatAddress@BlockChainAddresses@@@Z 000000014001d2e0 f i BlockChainAddresses.obj
 0001:0001c310       ??$_Ptr_cat@VStatAddress@BlockChainAddresses@@V12@@std@@YA?AU_Nonscalar_ptr_iterator_tag@0@PEAVStatAddress@BlockChainAddresses@@0@Z 000000014001d310 f i BlockChainAddresses.obj
 0001:0001c330       ??$_Rechecked@PEAVStatAddress@BlockChainAddresses@@PEAV12@@std@@YAAEAPEAVStatAddress@BlockChainAddresses@@AEAPEAV12@PEAV12@@Z 000000014001d330 f i BlockChainAddresses.obj
 0001:0001c360       ??$_Umove@PEAVStatAddress@BlockChainAddresses@@@?$vector@VStatAddress@BlockChainAddresses@@V?$allocator@VStatAddress@BlockChainAddresses@@@std@@@std@@IEAAPEAVStatAddress@BlockChainAddresses@@PEAV23@00@Z 000000014001d360 f i BlockChainAddresses.obj
 0001:0001c3c0       ??$_Unchecked@PEAVStatAddress@BlockChainAddresses@@@std@@YAPEAVStatAddress@BlockChainAddresses@@PEAV12@@Z 000000014001d3c0 f i BlockChainAddresses.obj
 0001:0001c3d0       ??$_Uninit_move@PEAVStatAddress@BlockChainAddresses@@PEAV12@U?$_Wrap_alloc@V?$allocator@VStatAddress@BlockChainAddresses@@@std@@@std@@@std@@YAPEAVStatAddress@BlockChainAddresses@@PEAV12@00AEAU?$_Wrap_alloc@V?$allocator@VStatAddress@BlockChainAddresses@@@std@@@0@@Z 000000014001d3d0 f i BlockChainAddresses.obj
 0001:0001c450       ??$_Uninit_move@PEAVStatAddress@BlockChainAddresses@@PEAV12@V?$allocator@VStatAddress@BlockChainAddresses@@@std@@V12@@std@@YAPEAVStatAddress@BlockChainAddresses@@PEAV12@00AEAU?$_Wrap_alloc@V?$allocator@VStatAddress@BlockChainAddresses@@@std@@@0@0U_Nonscalar_ptr_iterator_tag@0@@Z 000000014001d450 f i BlockChainAddresses.obj
 0001:0001c530       ??$_Uninitialized_move@PEAVStatAddress@BlockChainAddresses@@PEAV12@U?$_Wrap_alloc@V?$allocator@VStatAddress@BlockChainAddresses@@@std@@@std@@@std@@YAPEAVStatAddress@BlockChainAddresses@@PEAV12@00AEAU?$_Wrap_alloc@V?$allocator@VStatAddress@BlockChainAddresses@@@std@@@0@@Z 000000014001d530 f i BlockChainAddresses.obj
 0001:0001c5c0       ??$_Val_type@PEAVStatAddress@BlockChainAddresses@@@std@@YAPEAVStatAddress@BlockChainAddresses@@PEAV12@@Z 000000014001d5c0 f i BlockChainAddresses.obj
 0001:0001c5d0       ??$addressof@$$CBVStatAddress@BlockChainAddresses@@@std@@YAPEBVStatAddress@BlockChainAddresses@@AEBV12@@Z 000000014001d5d0 f i BlockChainAddresses.obj
 0001:0001c5e0       ??$construct@U_Container_proxy@std@@U12@@?$_Wrap_alloc@V?$allocator@U_Container_proxy@std@@@std@@@std@@QEAAXPEAU_Container_proxy@1@$$QEAU21@@Z 000000014001d5e0 f i BlockChainAddresses.obj
 0001:0001c630       ??$construct@U_Container_proxy@std@@U12@@?$allocator@U_Container_proxy@std@@@std@@QEAAXPEAU_Container_proxy@1@$$QEAU21@@Z 000000014001d630 f i BlockChainAddresses.obj
 0001:0001c6d0       ??$construct@U_Container_proxy@std@@U12@@?$allocator_traits@V?$allocator@U_Container_proxy@std@@@std@@@std@@SAXAEAV?$allocator@U_Container_proxy@std@@@1@PEAU_Container_proxy@1@$$QEAU31@@Z 000000014001d6d0 f i BlockChainAddresses.obj
 0001:0001c720       ??$construct@VStatAddress@BlockChainAddresses@@AEAV12@@?$_Wrap_alloc@V?$allocator@VStatAddress@BlockChainAddresses@@@std@@@std@@QEAAXPEAVStatAddress@BlockChainAddresses@@AEAV23@@Z 000000014001d720 f i BlockChainAddresses.obj
 0001:0001c770       ??$construct@VStatAddress@BlockChainAddresses@@AEAV12@@?$allocator@VStatAddress@BlockChainAddresses@@@std@@QEAAXPEAVStatAddress@BlockChainAddresses@@AEAV23@@Z 000000014001d770 f i BlockChainAddresses.obj
 0001:0001c810       ??$construct@VStatAddress@BlockChainAddresses@@AEAV12@@?$allocator_traits@V?$allocator@VStatAddress@BlockChainAddresses@@@std@@@std@@SAXAEAV?$allocator@VStatAddress@BlockChainAddresses@@@1@PEAVStatAddress@BlockChainAddresses@@AEAV34@@Z 000000014001d810 f i BlockChainAddresses.obj
 0001:0001c860       ??$construct@VStatAddress@BlockChainAddresses@@AEBV12@@?$_Wrap_alloc@V?$allocator@VStatAddress@BlockChainAddresses@@@std@@@std@@QEAAXPEAVStatAddress@BlockChainAddresses@@AEBV23@@Z 000000014001d860 f i BlockChainAddresses.obj
 0001:0001c8b0       ??$construct@VStatAddress@BlockChainAddresses@@AEBV12@@?$allocator_traits@V?$allocator@VStatAddress@BlockChainAddresses@@@std@@@std@@SAXAEAV?$allocator@VStatAddress@BlockChainAddresses@@@1@PEAVStatAddress@BlockChainAddresses@@AEBV34@@Z 000000014001d8b0 f i BlockChainAddresses.obj
 0001:0001c900       ??$construct@VStatAddress@BlockChainAddresses@@V12@@?$_Wrap_alloc@V?$allocator@VStatAddress@BlockChainAddresses@@@std@@@std@@QEAAXPEAVStatAddress@BlockChainAddresses@@$$QEAV23@@Z 000000014001d900 f i BlockChainAddresses.obj
 0001:0001c950       ??$construct@VStatAddress@BlockChainAddresses@@V12@@?$allocator@VStatAddress@BlockChainAddresses@@@std@@QEAAXPEAVStatAddress@BlockChainAddresses@@$$QEAV23@@Z 000000014001d950 f i BlockChainAddresses.obj
 0001:0001c9f0       ??$construct@VStatAddress@BlockChainAddresses@@V12@@?$allocator_traits@V?$allocator@VStatAddress@BlockChainAddresses@@@std@@@std@@SAXAEAV?$allocator@VStatAddress@BlockChainAddresses@@@1@PEAVStatAddress@BlockChainAddresses@@$$QEAV34@@Z 000000014001d9f0 f i BlockChainAddresses.obj
 0001:0001ca40       ??$destroy@U_Container_proxy@std@@@?$_Wrap_alloc@V?$allocator@U_Container_proxy@std@@@std@@@std@@QEAAXPEAU_Container_proxy@1@@Z 000000014001da40 f i BlockChainAddresses.obj
 0001:0001ca70       ??$destroy@U_Container_proxy@std@@@?$allocator@U_Container_proxy@std@@@std@@QEAAXPEAU_Container_proxy@1@@Z 000000014001da70 f i BlockChainAddresses.obj
 0001:0001ca80       ??$destroy@U_Container_proxy@std@@@?$allocator_traits@V?$allocator@U_Container_proxy@std@@@std@@@std@@SAXAEAV?$allocator@U_Container_proxy@std@@@1@PEAU_Container_proxy@1@@Z 000000014001da80 f i BlockChainAddresses.obj
 0001:0001cab0       ??$destroy@VStatAddress@BlockChainAddresses@@@?$_Wrap_alloc@V?$allocator@VStatAddress@BlockChainAddresses@@@std@@@std@@QEAAXPEAVStatAddress@BlockChainAddresses@@@Z 000000014001dab0 f i BlockChainAddresses.obj
 0001:0001cae0       ??$destroy@VStatAddress@BlockChainAddresses@@@?$allocator@VStatAddress@BlockChainAddresses@@@std@@QEAAXPEAVStatAddress@BlockChainAddresses@@@Z 000000014001dae0 f i BlockChainAddresses.obj
 0001:0001caf0       ??$destroy@VStatAddress@BlockChainAddresses@@@?$allocator_traits@V?$allocator@VStatAddress@BlockChainAddresses@@@std@@@std@@SAXAEAV?$allocator@VStatAddress@BlockChainAddresses@@@1@PEAVStatAddress@BlockChainAddresses@@@Z 000000014001daf0 f i BlockChainAddresses.obj
 0001:0001cb20       ??$forward@AEAVStatAddress@BlockChainAddresses@@@std@@YAAEAVStatAddress@BlockChainAddresses@@AEAV12@@Z 000000014001db20 f i BlockChainAddresses.obj
 0001:0001cb30       ??$forward@AEBVStatAddress@BlockChainAddresses@@@std@@YAAEBVStatAddress@BlockChainAddresses@@AEBV12@@Z 000000014001db30 f i BlockChainAddresses.obj
 0001:0001cb40       ??$forward@U_Container_proxy@std@@@std@@YA$$QEAU_Container_proxy@0@AEAU10@@Z 000000014001db40 f i BlockChainAddresses.obj
 0001:0001cb50       ??$forward@VStatAddress@BlockChainAddresses@@@std@@YA$$QEAVStatAddress@BlockChainAddresses@@AEAV12@@Z 000000014001db50 f i BlockChainAddresses.obj
 0001:0001cb60       ??0?$_Vector_alloc@$0A@U?$_Vec_base_types@VStatAddress@BlockChainAddresses@@V?$allocator@VStatAddress@BlockChainAddresses@@@std@@@std@@@std@@QEAA@AEBV?$allocator@VStatAddress@BlockChainAddresses@@@1@@Z 000000014001db60 f i BlockChainAddresses.obj
 0001:0001cbb0       ??0?$_Vector_val@U?$_Simple_types@VStatAddress@BlockChainAddresses@@@std@@@std@@QEAA@XZ 000000014001dbb0 f i BlockChainAddresses.obj
 0001:0001cc10       ??0?$_Wrap_alloc@V?$allocator@U_Container_proxy@std@@@std@@@std@@QEAA@XZ 000000014001dc10 f i BlockChainAddresses.obj
 0001:0001cc40       ??0?$_Wrap_alloc@V?$allocator@VStatAddress@BlockChainAddresses@@@std@@@std@@QEAA@XZ 000000014001dc40 f i BlockChainAddresses.obj
 0001:0001cc70       ??0?$allocator@U_Container_proxy@std@@@std@@QEAA@XZ 000000014001dc70 f i BlockChainAddresses.obj
 0001:0001cc80       ??0?$allocator@VStatAddress@BlockChainAddresses@@@std@@QEAA@XZ 000000014001dc80 f i BlockChainAddresses.obj
 0001:0001cc90       ??0?$vector@VStatAddress@BlockChainAddresses@@V?$allocator@VStatAddress@BlockChainAddresses@@@std@@@std@@QEAA@XZ 000000014001dc90 f i BlockChainAddresses.obj
 0001:0001ccd0       ??0BlockChainAddresses@@QEAA@XZ 000000014001dcd0 f i BlockChainAddresses.obj
 0001:0001ccf0       ??0BlockChainAddressesImpl@@QEAA@PEBD@Z 000000014001dcf0 f i BlockChainAddresses.obj
 0001:0001d890       ??0Row@BlockChainAddressesImpl@@QEAA@XZ 000000014001e890 f i BlockChainAddresses.obj
 0001:0001d910       ??0StatAddress@BlockChainAddresses@@QEAA@XZ 000000014001e910 f i BlockChainAddresses.obj
 0001:0001d980       ??0_Container_base12@std@@QEAA@XZ 000000014001e980 f i BlockChainAddresses.obj
 0001:0001d9a0       ??0_Container_proxy@std@@QEAA@XZ 000000014001e9a0 f i BlockChainAddresses.obj
 0001:0001d9d0       ??1?$_Vector_alloc@$0A@U?$_Vec_base_types@VStatAddress@BlockChainAddresses@@V?$allocator@VStatAddress@BlockChainAddresses@@@std@@@std@@@std@@QEAA@XZ 000000014001e9d0 f i BlockChainAddresses.obj
 0001:0001da00       ??1?$_Vector_val@U?$_Simple_types@VStatAddress@BlockChainAddresses@@@std@@@std@@QEAA@XZ 000000014001ea00 f i BlockChainAddresses.obj
 0001:0001da20       ??1?$vector@VStatAddress@BlockChainAddresses@@V?$allocator@VStatAddress@BlockChainAddresses@@@std@@@std@@QEAA@XZ 000000014001ea20 f i BlockChainAddresses.obj
 0001:0001da50       ??1BlockChainAddresses@@MEAA@XZ 000000014001ea50 f i BlockChainAddresses.obj
 0001:0001da70       ??1BlockChainAddressesImpl@@UEAA@XZ 000000014001ea70 f i BlockChainAddresses.obj
 0001:0001db60       ??1Row@BlockChainAddressesImpl@@QEAA@XZ 000000014001eb60 f i BlockChainAddresses.obj
 0001:0001dbd0       ??1_Container_base12@std@@QEAA@XZ 000000014001ebd0 f i BlockChainAddresses.obj
 0001:0001dbf0       ??A?$vector@VStatAddress@BlockChainAddresses@@V?$allocator@VStatAddress@BlockChainAddresses@@@std@@@std@@QEAAAEAVStatAddress@BlockChainAddresses@@_K@Z 000000014001ebf0 f i BlockChainAddresses.obj
 0001:0001dcf0       ??_ERow@BlockChainAddressesImpl@@QEAAPEAXI@Z 000000014001ecf0 f i BlockChainAddresses.obj
 0001:0001dda0       ??_EBlockChainAddresses@@MEAAPEAXI@Z 000000014001eda0 f i BlockChainAddresses.obj
 0001:0001dda0       ??_GBlockChainAddresses@@MEAAPEAXI@Z 000000014001eda0 f i BlockChainAddresses.obj
 0001:0001ddf0       ??_EBlockChainAddressesImpl@@UEAAPEAXI@Z 000000014001edf0 f i BlockChainAddresses.obj
 0001:0001ddf0       ??_GBlockChainAddressesImpl@@UEAAPEAXI@Z 000000014001edf0 f i BlockChainAddresses.obj
 0001:0001de40       ?_Alloc_proxy@?$_Vector_alloc@$0A@U?$_Vec_base_types@VStatAddress@BlockChainAddresses@@V?$allocator@VStatAddress@BlockChainAddresses@@@std@@@std@@@std@@QEAAXXZ 000000014001ee40 f i BlockChainAddresses.obj
 0001:0001dec0       ?_Clrcont@_Iterator_base12@std@@QEAAXXZ 000000014001eec0 f i BlockChainAddresses.obj
 0001:0001dee0       ?_Destroy@?$vector@VStatAddress@BlockChainAddresses@@V?$allocator@VStatAddress@BlockChainAddresses@@@std@@@std@@IEAAXPEAVStatAddress@BlockChainAddresses@@0@Z 000000014001eee0 f i BlockChainAddresses.obj
 0001:0001df30       ?_Free_proxy@?$_Vector_alloc@$0A@U?$_Vec_base_types@VStatAddress@BlockChainAddresses@@V?$allocator@VStatAddress@BlockChainAddresses@@@std@@@std@@@std@@QEAAXXZ 000000014001ef30 f i BlockChainAddresses.obj
 0001:0001dfa0       ?_Getal@?$_Vector_alloc@$0A@U?$_Vec_base_types@VStatAddress@BlockChainAddresses@@V?$allocator@VStatAddress@BlockChainAddresses@@@std@@@std@@@std@@QEBA?AU?$_Wrap_alloc@V?$allocator@VStatAddress@BlockChainAddresses@@@std@@@2@XZ 000000014001efa0 f i BlockChainAddresses.obj
 0001:0001dfd0       ?_Getpfirst@_Container_base12@std@@QEBAPEAPEAU_Iterator_base12@2@XZ 000000014001efd0 f i BlockChainAddresses.obj
 0001:0001e020       ?_Getpnext@_Iterator_base12@std@@QEAAPEAPEAU12@XZ 000000014001f020 f i BlockChainAddresses.obj
 0001:0001e040       ?_Grow_to@?$vector@VStatAddress@BlockChainAddresses@@V?$allocator@VStatAddress@BlockChainAddresses@@@std@@@std@@IEBA_K_K@Z 000000014001f040 f i BlockChainAddresses.obj
 0001:0001e110       ?_Inside@?$vector@VStatAddress@BlockChainAddresses@@V?$allocator@VStatAddress@BlockChainAddresses@@@std@@@std@@IEBA_NPEBVStatAddress@BlockChainAddresses@@@Z 000000014001f110 f i BlockChainAddresses.obj
 0001:0001e170       ?_Orphan_all@_Container_base12@std@@QEAAXXZ 000000014001f170 f i BlockChainAddresses.obj
 0001:0001e220       ?_Orphan_range@?$vector@VStatAddress@BlockChainAddresses@@V?$allocator@VStatAddress@BlockChainAddresses@@@std@@@std@@IEBAXPEAVStatAddress@BlockChainAddresses@@0@Z 000000014001f220 f i BlockChainAddresses.obj
 0001:0001e310       ?_Reallocate@?$vector@VStatAddress@BlockChainAddresses@@V?$allocator@VStatAddress@BlockChainAddresses@@@std@@@std@@IEAAX_K@Z 000000014001f310 f i BlockChainAddresses.obj
 0001:0001e490       ?_Reserve@?$vector@VStatAddress@BlockChainAddresses@@V?$allocator@VStatAddress@BlockChainAddresses@@@std@@@std@@IEAAX_K@Z 000000014001f490 f i BlockChainAddresses.obj
 0001:0001e540       ?_Tidy@?$vector@VStatAddress@BlockChainAddresses@@V?$allocator@VStatAddress@BlockChainAddresses@@@std@@@std@@IEAAXXZ 000000014001f540 f i BlockChainAddresses.obj
 0001:0001e630       ?_Unused_capacity@?$vector@VStatAddress@BlockChainAddresses@@V?$allocator@VStatAddress@BlockChainAddresses@@@std@@@std@@QEBA_KXZ 000000014001f630 f i BlockChainAddresses.obj
 0001:0001e660       ?_Xlen@?$vector@VStatAddress@BlockChainAddresses@@V?$allocator@VStatAddress@BlockChainAddresses@@@std@@@std@@IEBAXXZ 000000014001f660 f i BlockChainAddresses.obj
 0001:0001e680       ?allocate@?$_Wrap_alloc@V?$allocator@U_Container_proxy@std@@@std@@@std@@QEAAPEAU_Container_proxy@2@_K@Z 000000014001f680 f i BlockChainAddresses.obj
 0001:0001e6b0       ?allocate@?$_Wrap_alloc@V?$allocator@VStatAddress@BlockChainAddresses@@@std@@@std@@QEAAPEAVStatAddress@BlockChainAddresses@@_K@Z 000000014001f6b0 f i BlockChainAddresses.obj
 0001:0001e6e0       ?allocate@?$allocator@U_Container_proxy@std@@@std@@QEAAPEAU_Container_proxy@2@_K@Z 000000014001f6e0 f i BlockChainAddresses.obj
 0001:0001e710       ?allocate@?$allocator@VStatAddress@BlockChainAddresses@@@std@@QEAAPEAVStatAddress@BlockChainAddresses@@_K@Z 000000014001f710 f i BlockChainAddresses.obj
 0001:0001e740       ?capacity@?$vector@VStatAddress@BlockChainAddresses@@V?$allocator@VStatAddress@BlockChainAddresses@@@std@@@std@@QEBA_KXZ 000000014001f740 f i BlockChainAddresses.obj
 0001:0001e770       ?construct@?$allocator@VStatAddress@BlockChainAddresses@@@std@@QEAAXPEAVStatAddress@BlockChainAddresses@@AEBV34@@Z 000000014001f770 f i BlockChainAddresses.obj
 0001:0001e7f0       ?deallocate@?$_Wrap_alloc@V?$allocator@U_Container_proxy@std@@@std@@@std@@QEAAXPEAU_Container_proxy@2@_K@Z 000000014001f7f0 f i BlockChainAddresses.obj
 0001:0001e830       ?deallocate@?$_Wrap_alloc@V?$allocator@VStatAddress@BlockChainAddresses@@@std@@@std@@QEAAXPEAVStatAddress@BlockChainAddresses@@_K@Z 000000014001f830 f i BlockChainAddresses.obj
 0001:0001e870       ?deallocate@?$allocator@U_Container_proxy@std@@@std@@QEAAXPEAU_Container_proxy@2@_K@Z 000000014001f870 f i BlockChainAddresses.obj
 0001:0001e8a0       ?deallocate@?$allocator@VStatAddress@BlockChainAddresses@@@std@@QEAAXPEAVStatAddress@BlockChainAddresses@@_K@Z 000000014001f8a0 f i BlockChainAddresses.obj
 0001:0001e8d0       ?getBalance@StatAddress@BlockChainAddresses@@QEBAIXZ 000000014001f8d0 f i BlockChainAddresses.obj
 0001:0001e8f0       ?getKey@BlockChainAddressesImpl@@QEBAPEBDI@Z 000000014001f8f0 f i BlockChainAddresses.obj
 0001:0001ea20       ?getRow@BlockChainAddressesImpl@@UEAAPEBVStatAddress@BlockChainAddresses@@AEAI@Z 000000014001fa20 f i BlockChainAddresses.obj
 0001:0001ea50       ?getRowCount@BlockChainAddressesImpl@@UEBAIXZ 000000014001fa50 f i BlockChainAddresses.obj
 0001:0001ea70       ?max_size@?$_Wrap_alloc@V?$allocator@VStatAddress@BlockChainAddresses@@@std@@@std@@QEBA_KXZ 000000014001fa70 f i BlockChainAddresses.obj
 0001:0001ea90       ?max_size@?$allocator@VStatAddress@BlockChainAddresses@@@std@@QEBA_KXZ 000000014001fa90 f i BlockChainAddresses.obj
 0001:0001eab0       ?max_size@?$allocator_traits@V?$allocator@VStatAddress@BlockChainAddresses@@@std@@@std@@SA_KAEBV?$allocator@VStatAddress@BlockChainAddresses@@@2@@Z 000000014001fab0 f i BlockChainAddresses.obj
 0001:0001ead0       ?max_size@?$vector@VStatAddress@BlockChainAddresses@@V?$allocator@VStatAddress@BlockChainAddresses@@@std@@@std@@QEBA_KXZ 000000014001fad0 f i BlockChainAddresses.obj
 0001:0001eb00       ?printRow@BlockChainAddressesImpl@@UEAAXXZ 000000014001fb00 f i BlockChainAddresses.obj
 0001:0001ec90       ?push_back@?$vector@VStatAddress@BlockChainAddresses@@V?$allocator@VStatAddress@BlockChainAddresses@@@std@@@std@@QEAAXAEBVStatAddress@BlockChainAddresses@@@Z 000000014001fc90 f i BlockChainAddresses.obj
 0001:0001ee50       ?release@BlockChainAddressesImpl@@UEAAXXZ 000000014001fe50 f i BlockChainAddresses.obj
 0001:0001eec0       ?seekNextRow@BlockChainAddressesImpl@@UEAAIXZ 000000014001fec0 f i BlockChainAddresses.obj
 0001:0001f900       ?seekRow@BlockChainAddressesImpl@@UEAA_NI@Z 0000000140020900 f i BlockChainAddresses.obj
 0001:0001fa80       ?size@?$vector@VStatAddress@BlockChainAddresses@@V?$allocator@VStatAddress@BlockChainAddresses@@@std@@@std@@QEBA_KXZ 0000000140020a80 f i BlockChainAddresses.obj
 0001:0001fab0       hypot                      0000000140020ab0 f i BlockChainAddresses.obj
 0001:0001fb40       main                       0000000140020b40 f   main.obj
 0001:000200e0       ??0BlockChainCommand@@QEAA@PEBDI_NW4StatResolution@@II@Z 00000001400210e0 f i main.obj
 0001:00020310       ??1BlockChainCommand@@QEAA@XZ 0000000140021310 f i main.obj
 0001:00020360       ?process@BlockChainCommand@@QEAA_NXZ 0000000140021360 f i main.obj
 0001:00020be0       ?setMaxBlocks@BlockChainCommand@@QEAAXI@Z 0000000140021be0 f i main.obj
 0001:00020c00       ?computeRIPEMD160@@YAXPEBXIQEAE@Z 0000000140021c00 f   RIPEMD160.obj
 0001:00020dc0       ?MDinit@@YAXPEAI@Z         0000000140021dc0 f   RIPEMD160.obj
 0001:00020e40       ?compress@@YAXPEAI0@Z      0000000140021e40 f   RIPEMD160.obj
 0001:00024c50       ?MDfinish@@YAXPEAIPEBEII@Z 0000000140025c50 f   RIPEMD160.obj
 0001:00025e60       ?computeSHA256@@YAXPEBXIQEAE@Z 0000000140026e60 f   SHA256.obj
 0001:00025ee0       ?sha256_init@@YAXPEAUsha256_ctx_t@@@Z 0000000140026ee0 f   SHA256.obj
 0001:00025fc0       ?sha256_update@@YAXPEAUsha256_ctx_t@@PEBXI@Z 0000000140026fc0 f   SHA256.obj
 0001:00026190       ?sha256_finalize@@YAXPEAUsha256_ctx_t@@QEAE@Z 0000000140027190 f   SHA256.obj
 0001:0002c8e0       CreateFileA                000000014002d8e0 f   kernel32:KERNEL32.dll
 0001:0002c8e6       GetFileSize                000000014002d8e6 f   kernel32:KERNEL32.dll
 0001:0002c8ec       WriteFile                  000000014002d8ec f   kernel32:KERNEL32.dll
 0001:0002c8f2       CloseHandle                000000014002d8f2 f   kernel32:KERNEL32.dll
 0001:0002c8f8       MapViewOfFile              000000014002d8f8 f   kernel32:KERNEL32.dll
 0001:0002c8fe       CreateFileMappingA         000000014002d8fe f   kernel32:KERNEL32.dll
 0001:0002c910       _invoke_watson_if_error    000000014002d910 f i LIBCMTD:wassert.obj
 0001:0002c960       _wassert                   000000014002d960 f   LIBCMTD:wassert.obj
 0001:0002d850       memcpy                     000000014002e850 f   LIBCMTD:memcpy.obj
 0001:0002d850       memmove                    000000014002e850 f   LIBCMTD:memcpy.obj
 0001:0002ddd0       memset                     000000014002edd0 f   LIBCMTD:memset.obj
 0001:0002e010       strlen                     000000014002f010 f   LIBCMTD:strlen.obj
 0001:0002e0c0       __GSHandlerCheck           000000014002f0c0 f   LIBCMTD:gshandler.obj
 0001:0002e100       __GSHandlerCheckCommon     000000014002f100 f   LIBCMTD:gshandler.obj
 0001:0002e210       __security_check_cookie    000000014002f210 f   LIBCMTD:amdsecgs.obj
 0001:0002e230       ??_L@YAXPEAX_KHP6AX0@Z2@Z  000000014002f230 f   LIBCMTD:ehvecctr.obj
 0001:0002e2c0       ??_M@YAXPEAX_KHP6AX0@Z@Z   000000014002f2c0 f   LIBCMTD:ehvecdtr.obj
 0001:0002e3a0       ?__ArrayUnwind@@YAXPEAX_KHP6AX0@Z@Z 000000014002f3a0 f   LIBCMTD:ehvecdtr.obj
 0001:0002e3f0       _get_purecall_handler      000000014002f3f0 f   LIBCMTD:purevirt.obj
 0001:0002e410       _purecall                  000000014002f410 f   LIBCMTD:purevirt.obj
 0001:0002e460       _set_purecall_handler      000000014002f460 f   LIBCMTD:purevirt.obj
 0001:0002e4a0       ??0bad_alloc@std@@QEAA@AEBV01@@Z 000000014002f4a0 f i LIBCMTD:new.obj
 0001:0002e4e0       ??0bad_alloc@std@@QEAA@XZ  000000014002f4e0 f i LIBCMTD:new.obj
 0001:0002e530       ??1bad_alloc@std@@UEAA@XZ  000000014002f530 f i LIBCMTD:new.obj
 0001:0002e560       ??2@YAPEAX_K@Z             000000014002f560 f   LIBCMTD:new.obj
 0001:0002e5c0       ??_Gbad_alloc@std@@UEAAPEAXI@Z 000000014002f5c0 f i LIBCMTD:new.obj
 0001:0002e5c0       ??_Ebad_alloc@std@@UEAAPEAXI@Z 000000014002f5c0 f i LIBCMTD:new.obj
 0001:0002e600       ??3@YAXPEAX@Z              000000014002f600 f   LIBCMTD:dbgdel.obj
 0001:0002e6d0       __raise_securityfailure    000000014002f6d0 f   LIBCMTD:gs_report.obj
 0001:0002e720       __report_gsfailure         000000014002f720 f   LIBCMTD:gs_report.obj
 0001:0002e800       __report_rangecheckfailure 000000014002f800 f   LIBCMTD:gs_report.obj
 0001:0002e820       __report_securityfailure   000000014002f820 f   LIBCMTD:gs_report.obj
 0001:0002e8c0       __report_securityfailureEx 000000014002f8c0 f   LIBCMTD:gs_report.obj
 0001:0002e9e0       strcat                     000000014002f9e0 f   LIBCMTD:strcat.obj
 0001:0002ea80       strcpy                     000000014002fa80 f   LIBCMTD:strcat.obj
 0001:0002ea83       ___entry_from_strcat_in_strcpy 000000014002fa83     LIBCMTD:strcat.obj
 0001:0002eb40       _fclose_nolock             000000014002fb40 f   LIBCMTD:fclose.obj
 0001:0002ec90       fclose                     000000014002fc90 f   LIBCMTD:fclose.obj
 0001:0002ed90       _fflush_nolock             000000014002fd90 f   LIBCMTD:fflush.obj
 0001:0002ee10       _flush                     000000014002fe10 f   LIBCMTD:fflush.obj
 0001:0002ef00       _flushall                  000000014002ff00 f   LIBCMTD:fflush.obj
 0001:0002ef20       fflush                     000000014002ff20 f   LIBCMTD:fflush.obj
 0001:0002f0e0       _fsopen                    00000001400300e0 f   LIBCMTD:fopen.obj
 0001:0002f3a0       fopen                      00000001400303a0 f   LIBCMTD:fopen.obj
 0001:0002f3d0       fopen_s                    00000001400303d0 f   LIBCMTD:fopen.obj
 0001:0002f4c0       _fprintf_l                 00000001400304c0 f   LIBCMTD:fprintf.obj
 0001:0002f500       _fprintf_p                 0000000140030500 f   LIBCMTD:fprintf.obj
 0001:0002f540       _fprintf_p_l               0000000140030540 f   LIBCMTD:fprintf.obj
 0001:0002f580       _fprintf_s_l               0000000140030580 f   LIBCMTD:fprintf.obj
 0001:0002f5c0       fprintf                    00000001400305c0 f   LIBCMTD:fprintf.obj
 0001:0002f940       fprintf_s                  0000000140030940 f   LIBCMTD:fprintf.obj
 0001:0002f980       _fread_nolock              0000000140030980 f   LIBCMTD:fread.obj
 0001:0002f9d0       _fread_nolock_s            00000001400309d0 f   LIBCMTD:fread.obj
 0001:00030320       fread                      0000000140031320 f   LIBCMTD:fread.obj
 0001:00030370       fread_s                    0000000140031370 f   LIBCMTD:fread.obj
 0001:000304c0       _fseek_nolock              00000001400314c0 f   LIBCMTD:fseek.obj
 0001:000305e0       fseek                      00000001400315e0 f   LIBCMTD:fseek.obj
 0001:00030790       _ftell_nolock              0000000140031790 f   LIBCMTD:ftell.obj
 0001:00030e50       ftell                      0000000140031e50 f   LIBCMTD:ftell.obj
 0001:00030f40       _fwrite_nolock             0000000140031f40 f   LIBCMTD:fwrite.obj
 0001:00031590       fwrite                     0000000140032590 f   LIBCMTD:fwrite.obj
 0001:000316b0       _get_printf_count_output   00000001400326b0 f   LIBCMTD:printf.obj
 0001:000316e0       _printf_l                  00000001400326e0 f   LIBCMTD:printf.obj
 0001:00031720       _printf_p                  0000000140032720 f   LIBCMTD:printf.obj
 0001:00031760       _printf_p_l                0000000140032760 f   LIBCMTD:printf.obj
 0001:000317a0       _printf_s_l                00000001400327a0 f   LIBCMTD:printf.obj
 0001:000317e0       _set_printf_count_output   00000001400327e0 f   LIBCMTD:printf.obj
 0001:00031850       printf                     0000000140032850 f   LIBCMTD:printf.obj
 0001:000319d0       printf_s                   00000001400329d0 f   LIBCMTD:printf.obj
 0001:00031a10       _scprintf                  0000000140032a10 f   LIBCMTD:sprintf.obj
 0001:00031a50       _scprintf_l                0000000140032a50 f   LIBCMTD:sprintf.obj
 0001:00031a90       _scprintf_p                0000000140032a90 f   LIBCMTD:sprintf.obj
 0001:00031ad0       _scprintf_p_l              0000000140032ad0 f   LIBCMTD:sprintf.obj
 0001:00031b10       _snprintf_s                0000000140032b10 f   LIBCMTD:sprintf.obj
 0001:00031b70       _snprintf_s_l              0000000140032b70 f   LIBCMTD:sprintf.obj
 0001:00031bd0       _sprintf_l                 0000000140032bd0 f   LIBCMTD:sprintf.obj
 0001:00031c10       _sprintf_p                 0000000140032c10 f   LIBCMTD:sprintf.obj
 0001:00031c60       _sprintf_p_l               0000000140032c60 f   LIBCMTD:sprintf.obj
 0001:00031cb0       _sprintf_s_l               0000000140032cb0 f   LIBCMTD:sprintf.obj
 0001:00031d00       sprintf                    0000000140032d00 f   LIBCMTD:sprintf.obj
 0001:00031f80       sprintf_s                  0000000140032f80 f   LIBCMTD:sprintf.obj
 0001:00031fd0       _vscprintf                 0000000140032fd0 f   LIBCMTD:vsprintf.obj
 0001:00032000       _vscprintf_helper          0000000140033000 f   LIBCMTD:vsprintf.obj
 0001:00032150       _vscprintf_l               0000000140033150 f   LIBCMTD:vsprintf.obj
 0001:00032190       _vscprintf_p               0000000140033190 f   LIBCMTD:vsprintf.obj
 0001:000321c0       _vscprintf_p_l             00000001400331c0 f   LIBCMTD:vsprintf.obj
 0001:00032200       _vsprintf_l                0000000140033200 f   LIBCMTD:vsprintf.obj
 0001:00032470       vsprintf                   0000000140033470 f   LIBCMTD:vsprintf.obj
 0001:000324a0       __copy_path_to_wide_string 00000001400334a0 f   LIBCMTD:crt0dat.obj
 0001:00032720       __copy_to_char             0000000140033720 f   LIBCMTD:crt0dat.obj
 0001:000329c0       __crtCorExitProcess        00000001400339c0 f   LIBCMTD:crt0dat.obj
 0001:00032a10       __crtExitProcess           0000000140033a10 f   LIBCMTD:crt0dat.obj
 0001:00032a30       __freeCrtMemory            0000000140033a30 f   LIBCMTD:crt0dat.obj
 0001:00032c60       _amsg_exit                 0000000140033c60 f   LIBCMTD:crt0dat.obj
 0001:00032c90       _c_exit                    0000000140033c90 f   LIBCMTD:crt0dat.obj
 0001:00032cb0       _cexit                     0000000140033cb0 f   LIBCMTD:crt0dat.obj
 0001:00032cd0       _cinit                     0000000140033cd0 f   LIBCMTD:crt0dat.obj
 0001:00032d80       _exit                      0000000140033d80 f   LIBCMTD:crt0dat.obj
 0001:00032da0       _exit_app                  0000000140033da0 f   LIBCMTD:crt0dat.obj
 0001:00032dc0       _get_pgmptr                0000000140033dc0 f   LIBCMTD:crt0dat.obj
 0001:00032f30       _get_wpgmptr               0000000140033f30 f   LIBCMTD:crt0dat.obj
 0001:000330a0       _init_pointers             00000001400340a0 f   LIBCMTD:crt0dat.obj
 0001:00033150       _initterm_e                0000000140034150 f   LIBCMTD:crt0dat.obj
 0001:000331b0       _lockexit                  00000001400341b0 f   LIBCMTD:crt0dat.obj
 0001:000331d0       _unlockexit                00000001400341d0 f   LIBCMTD:crt0dat.obj
 0001:00033400       exit                       0000000140034400 f   LIBCMTD:crt0dat.obj
 0001:00033420       free                       0000000140034420 f   LIBCMTD:dbgfree.obj
 0001:00033440       malloc                     0000000140034440 f   LIBCMTD:dbgmalloc.obj
 0001:00033480       ??_V@YAXPEAX@Z             0000000140034480 f   LIBCMTD:delete2.obj
 0001:000334a0       ??_U@YAPEAX_K@Z            00000001400344a0 f   LIBCMTD:new2.obj
 0001:000334d0       ??0_LocaleUpdate@@QEAA@PEAUlocaleinfo_struct@@@Z 00000001400344d0 f i LIBCMTD:strftime.obj
 0001:00033610       ??1_LocaleUpdate@@QEAA@XZ  0000000140034610 f i LIBCMTD:strftime.obj
 0001:00033650       ?GetLocaleT@_LocaleUpdate@@QEAAPEAUlocaleinfo_struct@@XZ 0000000140034650 f i LIBCMTD:strftime.obj
 0001:00033660       _Getdays                   0000000140034660 f   LIBCMTD:strftime.obj
 0001:00033670       _Getdays_l                 0000000140034670 f   LIBCMTD:strftime.obj
 0001:000338e0       _Getmonths                 00000001400348e0 f   LIBCMTD:strftime.obj
 0001:000338f0       _Getmonths_l               00000001400348f0 f   LIBCMTD:strftime.obj
 0001:00033b60       _Gettnames                 0000000140034b60 f   LIBCMTD:strftime.obj
 0001:00033b70       _Strftime                  0000000140034b70 f   LIBCMTD:strftime.obj
 0001:00033bc0       _Strftime_l                0000000140034bc0 f   LIBCMTD:strftime.obj
 0001:00034140       _strftime_l                0000000140035140 f   LIBCMTD:strftime.obj
 0001:00034190       strftime                   0000000140035190 f   LIBCMTD:strftime.obj
 0001:000341e0       _difftime64                00000001400351e0 f   LIBCMTD:difftm64.obj
 0001:00034230       _gmtime64                  0000000140035230 f   LIBCMTD:gmtime64.obj
 0001:00034280       _gmtime64_s                0000000140035280 f   LIBCMTD:gmtime64.obj
 0001:00034740       _localtime64               0000000140035740 f   LIBCMTD:loctim64.obj
 0001:00034790       _localtime64_s             0000000140035790 f   LIBCMTD:loctim64.obj
 0001:00034e20       _time64                    0000000140035e20 f   LIBCMTD:time64.obj
 0001:00034f30       ?_ExecutionInCatch@@YAHPEAU_xDISPATCHER_CONTEXT@@PEBU_s_FuncInfo@@@Z 0000000140035f30 f   LIBCMTD:trnsctrl.obj
 0001:00034f80       ?_GetEstablisherFrame@@YAPEA_KPEA_KPEAU_xDISPATCHER_CONTEXT@@PEBU_s_FuncInfo@@0@Z 0000000140035f80 f   LIBCMTD:trnsctrl.obj
 0001:000350f0       ?_GetRangeOfTrysToCheck@@YAPEBU_s_TryBlockMapEntry@@PEA_KPEBU_s_FuncInfo@@HHPEAI2PEAU_xDISPATCHER_CONTEXT@@@Z 00000001400360f0 f   LIBCMTD:trnsctrl.obj
 0001:00035310       ?__FrameUnwindToEmptyState@@YAXPEA_KPEAU_xDISPATCHER_CONTEXT@@PEBU_s_FuncInfo@@@Z 0000000140036310 f   LIBCMTD:trnsctrl.obj
 0001:000353b0       ?__SehTransFilter@@YAHPEAU_EXCEPTION_POINTERS@@PEAUEHExceptionRecord@@PEA_KPEAU_CONTEXT@@PEAU_xDISPATCHER_CONTEXT@@PEBU_s_FuncInfo@@PEAH@Z 00000001400363b0 f   LIBCMTD:trnsctrl.obj
 0001:00035470       _CallSETranslator          0000000140036470 f   LIBCMTD:trnsctrl.obj
 0001:000354f0       _CreateFrameInfo           00000001400364f0 f   LIBCMTD:trnsctrl.obj
 0001:00035570       _FindAndUnlinkFrame        0000000140036570 f   LIBCMTD:trnsctrl.obj
 0001:00035600       _GetImageBase              0000000140036600 f   LIBCMTD:trnsctrl.obj
 0001:00035620       _GetThrowImageBase         0000000140036620 f   LIBCMTD:trnsctrl.obj
 0001:00035640       _IsExceptionObjectToBeDestroyed 0000000140036640 f   LIBCMTD:trnsctrl.obj
 0001:000356a0       _MoveContext               00000001400366a0 f   LIBCMTD:trnsctrl.obj
 0001:000356d0       _SetImageBase              00000001400366d0 f   LIBCMTD:trnsctrl.obj
 0001:000356f0       _SetThrowImageBase         00000001400366f0 f   LIBCMTD:trnsctrl.obj
 0001:00035710       _UnwindNestedFrames        0000000140036710 f   LIBCMTD:trnsctrl.obj
 0001:00035880       __CxxFrameHandler          0000000140036880 f   LIBCMTD:trnsctrl.obj
 0001:00035940       __CxxFrameHandler2         0000000140036940 f   LIBCMTD:trnsctrl.obj
 0001:00035980       __CxxFrameHandler3         0000000140036980 f   LIBCMTD:trnsctrl.obj
 0001:00035a40       __GSHandlerCheck_EH        0000000140036a40 f   LIBCMTD:gshandlereh.obj
 0001:00035af0       ??0type_info@@AEAA@AEBV0@@Z 0000000140036af0 f   LIBCMTD:typinfo.obj
 0001:00035b10       ??1type_info@@UEAA@XZ      0000000140036b10 f   LIBCMTD:typinfo.obj
 0001:00035b40       ??4type_info@@AEAAAEAV0@AEBV0@@Z 0000000140036b40 f   LIBCMTD:typinfo.obj
 0001:00035b50       ??8type_info@@QEBA_NAEBV0@@Z 0000000140036b50 f   LIBCMTD:typinfo.obj
 0001:00035ba0       ??9type_info@@QEBA_NAEBV0@@Z 0000000140036ba0 f   LIBCMTD:typinfo.obj
 0001:00035bf0       ??_Gtype_info@@UEAAPEAXI@Z 0000000140036bf0 f i LIBCMTD:typinfo.obj
 0001:00035bf0       ??_Etype_info@@UEAAPEAXI@Z 0000000140036bf0 f i LIBCMTD:typinfo.obj
 0001:00035c30       ?_name_internal_method@type_info@@QEBAPEBDPEAU__type_info_node@@@Z 0000000140036c30 f   LIBCMTD:typinfo.obj
 0001:00035c60       ?_type_info_dtor_internal_method@type_info@@QEAAXXZ 0000000140036c60 f   LIBCMTD:typinfo.obj
 0001:00035c80       ?before@type_info@@QEBA_NAEBV1@@Z 0000000140036c80 f   LIBCMTD:typinfo.obj
 0001:00035cd0       ?name@type_info@@QEBAPEBDPEAU__type_info_node@@@Z 0000000140036cd0 f   LIBCMTD:typinfo.obj
 0001:00035d00       ?raw_name@type_info@@QEBAPEBDXZ 0000000140036d00 f   LIBCMTD:typinfo.obj
 0001:00035d10       _fpmath                    0000000140036d10 f   LIBCMTD:fpinit.obj
 0001:00035d30       __setfflag                 0000000140036d30 f   LIBCMTD:fpinit.obj
 0001:00035d60       _cfltcvt_init              0000000140036d60 f   LIBCMTD:fpinit.obj
 0001:00035e70       ?_invalid_parameter@@YAXPEBG00I_K@Z 0000000140036e70 f   LIBCMTD:invarg.obj
 0001:00035eb0       ?_invoke_watson@@YAXPEBG00I_K@Z 0000000140036eb0 f   LIBCMTD:invarg.obj
 0001:00035ef0       _call_reportfault          0000000140036ef0 f   LIBCMTD:invarg.obj
 0001:00036020       _get_invalid_parameter_handler 0000000140037020 f   LIBCMTD:invarg.obj
 0001:00036060       _initp_misc_invarg         0000000140037060 f   LIBCMTD:invarg.obj
 0001:00036080       _invalid_parameter         0000000140037080 f   LIBCMTD:invarg.obj
 0001:00036110       _invoke_watson             0000000140037110 f   LIBCMTD:invarg.obj
 0001:00036170       _set_invalid_parameter_handler 0000000140037170 f   LIBCMTD:invarg.obj
 0001:000361e0       strcmp                     00000001400371e0 f   LIBCMTD:strcmp.obj
 0001:00036250       _hypot                     0000000140037250 f   LIBCMTD:hypot.obj
 0001:00036870       ?_CrtDbgReportW@@YAHHPEBGH00ZZ 0000000140037870 f   LIBCMTD:dbgrptw.obj
 0001:000368f0       _CrtDbgReportW             00000001400378f0 f   LIBCMTD:dbgrptw.obj
 0001:00036970       _CrtDbgReportWV            0000000140037970 f i LIBCMTD:dbgrptw.obj
 0001:000369d0       _CrtSetReportHookW2        00000001400379d0 f   LIBCMTD:dbgrptw.obj
 0001:00036de0       __crtMessageWindowW        0000000140037de0 f   LIBCMTD:dbgrptw.obj
 0001:00037460       _invoke_watson_if_oneof    0000000140038460 f i LIBCMTD:dbgrptw.obj
 0001:000374d0       _CxxThrowException         00000001400384d0 f   LIBCMTD:throw.obj
 0001:000375f0       _atoi64                    00000001400385f0 f   LIBCMTD:atox.obj
 0001:00037610       _atoi64_l                  0000000140038610 f   LIBCMTD:atox.obj
 0001:00037640       _atoi_l                    0000000140038640 f   LIBCMTD:atox.obj
 0001:00037670       _atol_l                    0000000140038670 f   LIBCMTD:atox.obj
 0001:000376a0       _atoll_l                   00000001400386a0 f   LIBCMTD:atox.obj
 0001:000376d0       atoi                       00000001400386d0 f   LIBCMTD:atox.obj
 0001:000376f0       atol                       00000001400386f0 f   LIBCMTD:atox.obj
 0001:00037710       atoll                      0000000140038710 f   LIBCMTD:atox.obj
 0001:00037950       mainCRTStartup             0000000140038950 f   LIBCMTD:crt0.obj
 0001:00037970       memcpy_s                   0000000140038970 f   LIBCMTD:memcpy_s.obj
 0001:00037be0       wcscat_s                   0000000140038be0 f   LIBCMTD:wcscat_s.obj
 0001:00038210       wcscpy_s                   0000000140039210 f   LIBCMTD:wcscpy_s.obj
 0001:000386c0       wcslen                     00000001400396c0 f   LIBCMTD:wcslen.obj
 0001:00038710       wcsncat_s                  0000000140039710 f   LIBCMTD:wcsncat_s.obj
 0001:00038ea0       _set_abort_behavior        0000000140039ea0 f   LIBCMTD:abort.obj
 0001:00038ee0       abort                      0000000140039ee0 f   LIBCMTD:abort.obj
 0001:00038f70       __set_app_type             0000000140039f70 f   LIBCMTD:errmode.obj
 0001:00038f80       _set_error_mode            0000000140039f80 f   LIBCMTD:errmode.obj
 0001:00039090       _i64tow_s                  000000014003a090 f   LIBCMTD:xtows.obj
 0001:000390f0       _itow_s                    000000014003a0f0 f   LIBCMTD:xtows.obj
 0001:00039170       _ltow_s                    000000014003a170 f   LIBCMTD:xtows.obj
 0001:000391d0       _ui64tow_s                 000000014003a1d0 f   LIBCMTD:xtows.obj
 0001:00039210       _ultow_s                   000000014003a210 f   LIBCMTD:xtows.obj
 0001:00039e20       __initstdio                000000014003ae20 f   LIBCMTD:_file.obj
 0001:00039f20       __endstdio                 000000014003af20 f   LIBCMTD:_file.obj
 0001:00039f60       __iob_func                 000000014003af60 f   LIBCMTD:_file.obj
 0001:00039f70       _lock_file                 000000014003af70 f   LIBCMTD:_file.obj
 0001:0003a000       _lock_file2                000000014003b000 f   LIBCMTD:_file.obj
 0001:0003a050       _unlock_file               000000014003b050 f   LIBCMTD:_file.obj
 0001:0003a0e0       _unlock_file2              000000014003b0e0 f   LIBCMTD:_file.obj
 0001:0003a130       setvbuf                    000000014003b130 f   LIBCMTD:setvbuf.obj
 0001:0003a4e0       _fwprintf_l                000000014003b4e0 f   LIBCMTD:fwprintf.obj
 0001:0003a520       _fwprintf_p                000000014003b520 f   LIBCMTD:fwprintf.obj
 0001:0003a560       _fwprintf_p_l              000000014003b560 f   LIBCMTD:fwprintf.obj
 0001:0003a5a0       _fwprintf_s_l              000000014003b5a0 f   LIBCMTD:fwprintf.obj
 0001:0003a5e0       fwprintf                   000000014003b5e0 f   LIBCMTD:fwprintf.obj
 0001:0003a7c0       fwprintf_s                 000000014003b7c0 f   LIBCMTD:fwprintf.obj
 0001:0003a800       _vsnwprintf_s              000000014003b800 f   LIBCMTD:vswprnc.obj
 0001:0003a850       _vsnwprintf_s_l            000000014003b850 f   LIBCMTD:vswprnc.obj
 0001:0003ae00       _vswprintf_c               000000014003be00 f   LIBCMTD:vswprnc.obj
 0001:0003ae70       _vswprintf_c_l             000000014003be70 f   LIBCMTD:vswprnc.obj
 0001:0003aee0       _vswprintf_helper          000000014003bee0 f   LIBCMTD:vswprnc.obj
 0001:0003b230       _vswprintf_p               000000014003c230 f   LIBCMTD:vswprnc.obj
 0001:0003b2a0       _vswprintf_p_l             000000014003c2a0 f   LIBCMTD:vswprnc.obj
 0001:0003b310       _vswprintf_s_l             000000014003c310 f   LIBCMTD:vswprnc.obj
 0001:0003b6a0       vswprintf_s                000000014003c6a0 f   LIBCMTD:vswprnc.obj
 0001:0003b6e0       __fpecode                  000000014003c6e0 f   LIBCMTD:winsig.obj
 0001:0003b700       __get_sigabrt              000000014003c700 f   LIBCMTD:winsig.obj
 0001:0003b720       __pxcptinfoptrs            000000014003c720 f   LIBCMTD:winsig.obj
 0001:0003b740       _initp_misc_winsig         000000014003c740 f   LIBCMTD:winsig.obj
 0001:0003b850       raise                      000000014003c850 f   LIBCMTD:winsig.obj
 0001:0003bcc0       signal                     000000014003ccc0 f   LIBCMTD:winsig.obj
 0001:0003c100       __crtMessageBoxW           000000014003d100 f   LIBCMTD:crtmboxw.obj
 0001:0003c570       __crtMessageBoxWaitThreadW 000000014003d570 f   LIBCMTD:crtmboxw.obj
 0001:0003c5c0       _FF_MSGBANNER              000000014003d5c0 f   LIBCMTD:crt0msg.obj
 0001:0003c610       _GET_RTERRMSG              000000014003d610 f   LIBCMTD:crt0msg.obj
 0001:0003c670       _NMSG_WRITE                000000014003d670 f   LIBCMTD:crt0msg.obj
 0001:0003caa0       __isa_available_init       000000014003daa0 f   LIBCMTD:cpu_disp.obj
 0001:0003cde0       __C_specific_handler       000000014003dde0 f   LIBCMTD:chandler.obj
 0001:0003d200       ?_inconsistency@@YAXXZ     000000014003e200 f   LIBCMTD:hooks.obj
 0001:0003d230       ?terminate@@YAXXZ          000000014003e230 f   LIBCMTD:hooks.obj
 0001:0003d260       ?unexpected@@YAXXZ         000000014003e260 f   LIBCMTD:hooks.obj
 0001:0003d290       _initp_eh_hooks            000000014003e290 f   LIBCMTD:hooks.obj
 0001:0003d2c0       __getlocaleinfo            000000014003e2c0 f   LIBCMTD:inithelp.obj
 0001:0003d640       _initp_misc_purevirt       000000014003e640 f   LIBCMTD:inithelp.obj
 0001:0003d660       ??0__non_rtti_object@std@@QEAA@AEBV01@@Z 000000014003e660 f   LIBCMTD:stdexcpt.obj
 0001:0003d6a0       ??0__non_rtti_object@std@@QEAA@PEBD@Z 000000014003e6a0 f   LIBCMTD:stdexcpt.obj
 0001:0003d6e0       ??0bad_cast@std@@QEAA@AEBV01@@Z 000000014003e6e0 f   LIBCMTD:stdexcpt.obj
 0001:0003d720       ??0bad_cast@std@@QEAA@PEBD@Z 000000014003e720 f   LIBCMTD:stdexcpt.obj
 0001:0003d760       ??0bad_typeid@std@@QEAA@AEBV01@@Z 000000014003e760 f   LIBCMTD:stdexcpt.obj
 0001:0003d7a0       ??0bad_typeid@std@@QEAA@PEBD@Z 000000014003e7a0 f   LIBCMTD:stdexcpt.obj
 0001:0003d7e0       ??0exception@std@@QEAA@AEBQEBD@Z 000000014003e7e0 f   LIBCMTD:stdexcpt.obj
 0001:0003d830       ??0exception@std@@QEAA@AEBQEBDH@Z 000000014003e830 f   LIBCMTD:stdexcpt.obj
 0001:0003d870       ??0exception@std@@QEAA@AEBV01@@Z 000000014003e870 f   LIBCMTD:stdexcpt.obj
 0001:0003d8c0       ??0exception@std@@QEAA@XZ  000000014003e8c0 f   LIBCMTD:stdexcpt.obj
 0001:0003d8f0       ??1__non_rtti_object@std@@UEAA@XZ 000000014003e8f0 f   LIBCMTD:stdexcpt.obj
 0001:0003d920       ??1bad_cast@std@@UEAA@XZ   000000014003e920 f   LIBCMTD:stdexcpt.obj
 0001:0003d950       ??1bad_typeid@std@@UEAA@XZ 000000014003e950 f   LIBCMTD:stdexcpt.obj
 0001:0003d980       ??1exception@std@@UEAA@XZ  000000014003e980 f   LIBCMTD:stdexcpt.obj
 0001:0003d9b0       ??4exception@std@@QEAAAEAV01@AEBV01@@Z 000000014003e9b0 f   LIBCMTD:stdexcpt.obj
 0001:0003da20       ??_E__non_rtti_object@std@@UEAAPEAXI@Z 000000014003ea20 f i LIBCMTD:stdexcpt.obj
 0001:0003da20       ??_G__non_rtti_object@std@@UEAAPEAXI@Z 000000014003ea20 f i LIBCMTD:stdexcpt.obj
 0001:0003da60       ??_Ebad_cast@std@@UEAAPEAXI@Z 000000014003ea60 f i LIBCMTD:stdexcpt.obj
 0001:0003da60       ??_Gbad_cast@std@@UEAAPEAXI@Z 000000014003ea60 f i LIBCMTD:stdexcpt.obj
 0001:0003daa0       ??_Gbad_typeid@std@@UEAAPEAXI@Z 000000014003eaa0 f i LIBCMTD:stdexcpt.obj
 0001:0003daa0       ??_Ebad_typeid@std@@UEAAPEAXI@Z 000000014003eaa0 f i LIBCMTD:stdexcpt.obj
 0001:0003dae0       ??_Eexception@std@@UEAAPEAXI@Z 000000014003eae0 f i LIBCMTD:stdexcpt.obj
 0001:0003dae0       ??_Gexception@std@@UEAAPEAXI@Z 000000014003eae0 f i LIBCMTD:stdexcpt.obj
 0001:0003db20       ?_Copy_str@exception@std@@AEAAXPEBD@Z 000000014003eb20 f   LIBCMTD:stdexcpt.obj
 0001:0003db90       ?_Tidy@exception@std@@AEAAXXZ 000000014003eb90 f   LIBCMTD:stdexcpt.obj
 0001:0003dbd0       ?what@exception@std@@UEBAPEBDXZ 000000014003ebd0 f   LIBCMTD:stdexcpt.obj
 0001:0003dc10       ?_query_new_handler@@YAP6AH_K@ZXZ 000000014003ec10 f   LIBCMTD:handler.obj
 0001:0003dc30       ?_set_new_handler@@YAP6AH_K@ZH@Z 000000014003ec30 f   LIBCMTD:handler.obj
 0001:0003dc90       ?_set_new_handler@@YAP6AH_K@ZP6AH0@Z@Z 000000014003ec90 f   LIBCMTD:handler.obj
 0001:0003dce0       _callnewh                  000000014003ece0 f   LIBCMTD:handler.obj
 0001:0003dd20       _initp_heap_handler        000000014003ed20 f   LIBCMTD:handler.obj
 0001:0003dd40       _lock                      000000014003ed40 f   LIBCMTD:mlock.obj
 0001:0003dda0       _lockerr_exit              000000014003eda0 f   LIBCMTD:mlock.obj
 0001:0003ddd0       _mtdeletelocks             000000014003edd0 f   LIBCMTD:mlock.obj
 0001:0003def0       _mtinitlocknum             000000014003eef0 f   LIBCMTD:mlock.obj
 0001:0003dff0       _mtinitlocks               000000014003eff0 f   LIBCMTD:mlock.obj
 0001:0003e090       _unlock                    000000014003f090 f   LIBCMTD:mlock.obj
 0001:0003e5f0       _CrtCheckMemory            000000014003f5f0 f   LIBCMTD:dbgheap.obj
 0001:0003eb90       _CrtDoForAllClientObjects  000000014003fb90 f   LIBCMTD:dbgheap.obj
 0001:0003ecc0       _CrtDumpMemoryLeaks        000000014003fcc0 f   LIBCMTD:dbgheap.obj
 0001:0003ed80       _CrtGetAllocHook           000000014003fd80 f   LIBCMTD:dbgheap.obj
 0001:0003ed90       _CrtGetCheckCount          000000014003fd90 f   LIBCMTD:dbgheap.obj
 0001:0003eda0       _CrtGetDumpClient          000000014003fda0 f   LIBCMTD:dbgheap.obj
 0001:0003edb0       _CrtIsMemoryBlock          000000014003fdb0 f   LIBCMTD:dbgheap.obj
 0001:0003ef30       _CrtIsValidHeapPointer     000000014003ff30 f   LIBCMTD:dbgheap.obj
 0001:0003ef90       _CrtIsValidPointer         000000014003ff90 f   LIBCMTD:dbgheap.obj
 0001:0003efd0       _CrtMemCheckpoint          000000014003ffd0 f   LIBCMTD:dbgheap.obj
 0001:0003f260       _CrtMemDifference          0000000140040260 f   LIBCMTD:dbgheap.obj
 0001:0003f590       _CrtMemDumpAllObjectsSince 0000000140040590 f   LIBCMTD:dbgheap.obj
 0001:0003f5e0       _CrtMemDumpStatistics      00000001400405e0 f   LIBCMTD:dbgheap.obj
 0001:0003f770       _CrtReportBlockType        0000000140040770 f   LIBCMTD:dbgheap.obj
 0001:0003f7b0       _CrtSetAllocHook           00000001400407b0 f   LIBCMTD:dbgheap.obj
 0001:0003f7e0       _CrtSetBreakAlloc          00000001400407e0 f   LIBCMTD:dbgheap.obj
 0001:0003f810       _CrtSetCheckCount          0000000140040810 f   LIBCMTD:dbgheap.obj
 0001:0003f830       _CrtSetDbgBlockType        0000000140040830 f   LIBCMTD:dbgheap.obj
 0001:0003f900       _CrtSetDbgFlag             0000000140040900 f   LIBCMTD:dbgheap.obj
 0001:0003fa40       _CrtSetDebugFillThreshold  0000000140040a40 f   LIBCMTD:dbgheap.obj
 0001:0003fa70       _CrtSetDumpClient          0000000140040a70 f   LIBCMTD:dbgheap.obj
 0001:0003faa0       _aligned_free              0000000140040aa0 f   LIBCMTD:dbgheap.obj
 0001:0003fac0       _aligned_free_dbg          0000000140040ac0 f   LIBCMTD:dbgheap.obj
 0001:0003fbb0       _aligned_malloc            0000000140040bb0 f   LIBCMTD:dbgheap.obj
 0001:0003fbe0       _aligned_malloc_dbg        0000000140040be0 f   LIBCMTD:dbgheap.obj
 0001:0003fc20       _aligned_msize             0000000140040c20 f   LIBCMTD:dbgheap.obj
 0001:0003fc50       _aligned_msize_dbg         0000000140040c50 f   LIBCMTD:dbgheap.obj
 0001:0003fe10       _aligned_offset_malloc     0000000140040e10 f   LIBCMTD:dbgheap.obj
 0001:0003fe50       _aligned_offset_malloc_dbg 0000000140040e50 f   LIBCMTD:dbgheap.obj
 0001:00040130       _aligned_offset_realloc    0000000140041130 f   LIBCMTD:dbgheap.obj
 0001:00040180       _aligned_offset_realloc_dbg 0000000140041180 f   LIBCMTD:dbgheap.obj
 0001:00040620       _aligned_offset_recalloc   0000000140041620 f   LIBCMTD:dbgheap.obj
 0001:00040680       _aligned_offset_recalloc_dbg 0000000140041680 f   LIBCMTD:dbgheap.obj
 0001:000407a0       _aligned_realloc           00000001400417a0 f   LIBCMTD:dbgheap.obj
 0001:000407e0       _aligned_realloc_dbg       00000001400417e0 f   LIBCMTD:dbgheap.obj
 0001:00040830       _aligned_recalloc          0000000140041830 f   LIBCMTD:dbgheap.obj
 0001:00040880       _aligned_recalloc_dbg      0000000140041880 f   LIBCMTD:dbgheap.obj
 0001:000408e0       _calloc_dbg                00000001400418e0 f   LIBCMTD:dbgheap.obj
 0001:00040960       _calloc_dbg_impl           0000000140041960 f   LIBCMTD:dbgheap.obj
 0001:00040a10       _expand                    0000000140041a10 f   LIBCMTD:dbgheap.obj
 0001:00040a50       _expand_dbg                0000000140041a50 f   LIBCMTD:dbgheap.obj
 0001:00040b80       _free_dbg                  0000000140041b80 f   LIBCMTD:dbgheap.obj
 0001:00040bc0       _free_dbg_nolock           0000000140041bc0 f   LIBCMTD:dbgheap.obj
 0001:000412b0       _free_nolock               00000001400422b0 f   LIBCMTD:dbgheap.obj
 0001:000412d0       _heap_alloc                00000001400422d0 f   LIBCMTD:dbgheap.obj
 0001:00041300       _heap_alloc_dbg            0000000140042300 f   LIBCMTD:dbgheap.obj
 0001:00041820       _malloc_dbg                0000000140042820 f   LIBCMTD:dbgheap.obj
 0001:00041870       _msize                     0000000140042870 f   LIBCMTD:dbgheap.obj
 0001:00041890       _msize_dbg                 0000000140042890 f   LIBCMTD:dbgheap.obj
 0001:00041ae0       _nh_malloc                 0000000140042ae0 f   LIBCMTD:dbgheap.obj
 0001:00041b20       _nh_malloc_dbg             0000000140042b20 f   LIBCMTD:dbgheap.obj
 0001:00041eb0       _realloc_dbg               0000000140042eb0 f   LIBCMTD:dbgheap.obj
 0001:00041f20       _recalloc                  0000000140042f20 f   LIBCMTD:dbgheap.obj
 0001:00041f70       _recalloc_dbg              0000000140042f70 f   LIBCMTD:dbgheap.obj
 0001:00042970       _CrtDefaultAllocHook       0000000140043970 f   LIBCMTD:dbghook.obj
 0001:00042990       __crt_debugger_hook        0000000140043990 f   LIBCMTD:dbghook.obj
 0001:00042a10       __crtCaptureCurrentContext 0000000140043a10 f   LIBCMTD:winapisupp.obj
 0001:00042ab0       __crtCapturePreviousContext 0000000140043ab0 f   LIBCMTD:winapisupp.obj
 0001:00042b70       __crtCloseThreadpoolTimer  0000000140043b70 f   LIBCMTD:winapisupp.obj
 0001:00042bc0       __crtCloseThreadpoolWait   0000000140043bc0 f   LIBCMTD:winapisupp.obj
 0001:00042c10       __crtCreateEventExW        0000000140043c10 f   LIBCMTD:winapisupp.obj
 0001:00042ca0       __crtCreateSemaphoreExW    0000000140043ca0 f   LIBCMTD:winapisupp.obj
 0001:00042d30       __crtCreateSymbolicLinkW   0000000140043d30 f   LIBCMTD:winapisupp.obj
 0001:00042da0       __crtCreateThreadpoolTimer 0000000140043da0 f   LIBCMTD:winapisupp.obj
 0001:00042e00       __crtCreateThreadpoolWait  0000000140043e00 f   LIBCMTD:winapisupp.obj
 0001:00042e60       __crtFlsAlloc              0000000140043e60 f   LIBCMTD:winapisupp.obj
 0001:00042eb0       __crtFlsFree               0000000140043eb0 f   LIBCMTD:winapisupp.obj
 0001:00042f00       __crtFlsGetValue           0000000140043f00 f   LIBCMTD:winapisupp.obj
 0001:00042f50       __crtFlsSetValue           0000000140043f50 f   LIBCMTD:winapisupp.obj
 0001:00042fb0       __crtFlushProcessWriteBuffers 0000000140043fb0 f   LIBCMTD:winapisupp.obj
 0001:00042ff0       __crtFreeLibraryWhenCallbackReturns 0000000140043ff0 f   LIBCMTD:winapisupp.obj
 0001:00043040       __crtGetCurrentProcessorNumber 0000000140044040 f   LIBCMTD:winapisupp.obj
 0001:00043080       __crtGetFileInformationByHandleEx 0000000140044080 f   LIBCMTD:winapisupp.obj
 0001:000430f0       __crtGetLogicalProcessorInformation 00000001400440f0 f   LIBCMTD:winapisupp.obj
 0001:00043150       __crtGetShowWindowMode     0000000140044150 f   LIBCMTD:winapisupp.obj
 0001:00043190       __crtGetTickCount64        0000000140044190 f   LIBCMTD:winapisupp.obj
 0001:000431e0       __crtInitializeCriticalSectionEx 00000001400441e0 f   LIBCMTD:winapisupp.obj
 0001:00043250       __crtIsPackagedApp         0000000140044250 f   LIBCMTD:winapisupp.obj
 0001:00043290       __crtLoadWinApiPointers    0000000140044290 f   LIBCMTD:winapisupp.obj
[...]
 0003:00002290       ??_R0?AVBlockChainImpl@@@8 00000001400f2290     BlockChain.obj
 0003:000022c0       ??_R0?AVMemoryMap@@@8      00000001400f22c0     MemoryMap.obj
 0003:000022e8       ??_R0?AVMemoryMapImpl@@@8  00000001400f22e8     MemoryMap.obj
 0003:00002318       ??_R0?AVBlockChainAddresses@@@8 00000001400f2318     BlockChainAddresses.obj
 0003:00002350       ??_R0?AVBlockChainAddressesImpl@@@8 00000001400f2350     BlockChainAddresses.obj
 0003:00002388       ??_R0?AVbad_alloc@std@@@8  00000001400f2388     LIBCMTD:new.obj
 0003:000023b0       ??_R0?AVexception@std@@@8  00000001400f23b0     LIBCMTD:new.obj
 0003:000023d8       ??_R0?AVtype_info@@@8      00000001400f23d8     LIBCMTD:typinfo.obj
 0003:000023f8       ??_R0?AVbad_cast@std@@@8   00000001400f23f8     LIBCMTD:stdexcpt.obj
 0003:00002420       ??_R0?AVbad_typeid@std@@@8 00000001400f2420     LIBCMTD:stdexcpt.obj
 0003:00002448       ??_R0?AV__non_rtti_object@std@@@8 00000001400f2448     LIBCMTD:stdexcpt.obj
 0003:00002478       ??_R0?AVbad_exception@std@@@8 00000001400f2478     LIBCMTD:frame.obj
 0003:000024a0       ??_R0?AVDNameNode@@@8      00000001400f24a0     LIBCMTD:undname.obj
 0003:000024c0       ??_R0?AVcharNode@@@8       00000001400f24c0     LIBCMTD:undname.obj
 0003:000024e0       ??_R0?AVpcharNode@@@8      00000001400f24e0     LIBCMTD:undname.obj
 0003:00002500       ??_R0?AVpDNameNode@@@8     00000001400f2500     LIBCMTD:undname.obj
 0003:00002528       ??_R0?AVDNameStatusNode@@@8 00000001400f2528     LIBCMTD:undname.obj
 0003:00002550       ??_R0?AVpairNode@@@8       00000001400f2550     LIBCMTD:undname.obj
 0003:00002570       ??_R0?AVinvalid_argument@std@@@8 00000001400f2570     libcpmtd:xthrow.obj
 0003:000025a0       ??_R0?AVlogic_error@std@@@8 00000001400f25a0     libcpmtd:xthrow.obj
 0003:000025c8       ??_R0?AVlength_error@std@@@8 00000001400f25c8     libcpmtd:xthrow.obj
 0003:000025f0       ??_R0?AVout_of_range@std@@@8 00000001400f25f0     libcpmtd:xthrow.obj
 0003:00002618       ??_R0?AVoverflow_error@std@@@8 00000001400f2618     libcpmtd:xthrow.obj
 0003:00002648       ??_R0?AVruntime_error@std@@@8 00000001400f2648     libcpmtd:xthrow.obj
 0003:00002670       ??_R0?AVbad_function_call@std@@@8 00000001400f2670     libcpmtd:xthrow.obj
 0003:000026a0       ??_R0?AVregex_error@std@@@8 00000001400f26a0     libcpmtd:xthrow.obj
 0003:000026c8       ??_R0?AVerror_category@std@@@8 00000001400f26c8     libcpmtd:xthrow.obj
 0003:000026f8       ??_R0?AV_Generic_error_category@std@@@8 00000001400f26f8     libcpmtd:xthrow.obj
 0003:00002730       ??_R0?AV_Iostream_error_category@std@@@8 00000001400f2730     libcpmtd:xthrow.obj
 0003:00002768       ??_R0?AV_System_error_category@std@@@8 00000001400f2768     libcpmtd:xthrow.obj
 0003:00002980       ?gBitcoinAddressDataFactory@@3PEAVBitcoinAddressDataFactory@@EA 00000001400f2980     BlockChain.obj
 0003:00004960       ?scratch@?1??quickKey@BitcoinTransactionFactory@@QEBAPEBDI@Z@4PADA 00000001400f4960     BlockChain.obj
 0003:00004e30       ?scratch@?1??getKey@BitcoinTransactionFactory@@QEBAPEBDI@Z@4PADA 00000001400f4e30     BlockChain.obj
 0003:00005300       ?scratch@?1??getKey@BlockChainAddressesImpl@@QEBAPEBDI@Z@4PADA 00000001400f5300     BlockChainAddresses.obj
 0003:000059c0       __argc                     00000001400f59c0     LIBCMTD:crt0dat.obj
 0003:000059c4       _C_Exit_Done               00000001400f59c4     LIBCMTD:crt0dat.obj
 0003:000059c8       __argv                     00000001400f59c8     LIBCMTD:crt0dat.obj
 0003:000059d0       __wargv                    00000001400f59d0     LIBCMTD:crt0dat.obj
 0003:000059d8       _environ                   00000001400f59d8     LIBCMTD:crt0dat.obj
 0003:000059e0       _wenviron                  00000001400f59e0     LIBCMTD:crt0dat.obj
 0003:000059e8       _pgmptr                    00000001400f59e8     LIBCMTD:crt0dat.obj
 0003:000059f0       _wpgmptr                   00000001400f59f0     LIBCMTD:crt0dat.obj
 0003:000059f8       _umaskval                  00000001400f59f8     LIBCMTD:crt0dat.obj
 0003:000059fc       _exitflag                  00000001400f59fc     LIBCMTD:crt0dat.obj
 0003:00005a00       _C_Termination_Done        00000001400f5a00     LIBCMTD:crt0dat.obj
 0003:00005a08       __winitenv                 00000001400f5a08     LIBCMTD:crt0dat.obj
 0003:00005a10       __initenv                  00000001400f5a10     LIBCMTD:crt0dat.obj
 0003:00005a18       __fastflag                 00000001400f5a18     LIBCMTD:fpinit.obj
 0003:00005a20       __pInvalidArgHandler       00000001400f5a20     LIBCMTD:invarg.obj
 0003:00005a28       _aenvptr                   00000001400f5a28     LIBCMTD:crt0.obj
 0003:00005a30       _wenvptr                   00000001400f5a30     LIBCMTD:crt0.obj
 0003:00005a38       __error_mode               00000001400f5a38     LIBCMTD:errmode.obj
 0003:00005a3c       _cflush                    00000001400f5a3c     LIBCMTD:_file.obj
 0003:00005a90       __app_type                 00000001400f5a90     LIBCMTD:crt0msg.obj
 0003:000060c8       __favor                    00000001400f60c8     LIBCMTD:cpu_disp.obj
 0003:000060d0       ?__pInconsistency@@3P6AXXZEA 00000001400f60d0     LIBCMTD:hooks.obj
 0003:000060d8       __pPurecall                00000001400f60d8     LIBCMTD:inithelp.obj
 0003:000060e0       ?_pnhHeap@@3P6AH_K@ZEA     00000001400f60e0     LIBCMTD:handler.obj
 0003:00006348       __crtDebugCheckCount       00000001400f6348     LIBCMTD:dbgheap.obj
 0003:00006350       ?_pfnDumpClient@@3P6AXPEAX_K@ZEA 00000001400f6350     LIBCMTD:dbgheap.obj
 0003:00006388       _stdbuf                    00000001400f6388     LIBCMTD:_sftbuf.obj
 0003:000063a0       __pioinfo                  00000001400f63a0     LIBCMTD:ioinit.obj
 0003:000065a8       __mbcodepage               00000001400f65a8     LIBCMTD:mbctype.obj
 0003:000065ac       __ismbcodepage             00000001400f65ac     LIBCMTD:mbctype.obj
 0003:000065b0       __mbulinfo                 00000001400f65b0     LIBCMTD:mbctype.obj
 0003:000065c0       __mblocalename             00000001400f65c0     LIBCMTD:mbctype.obj
 0003:000065cc       _newmode                   00000001400f65cc     LIBCMTD:_newmode.obj
 0003:00006690       ?g_OutOfMemoryExceptionCallback@@3P6APEAXXZEA 00000001400f6690     LIBCMTD:frame.obj
 0003:000066a8       _crtheap                   00000001400f66a8     LIBCMTD:heapinit.obj
 0003:000067c0       _commode                   00000001400f67c0     LIBCMTD:ncommode.obj
 0003:000067c4       __lconv_static_null        00000001400f67c4     LIBCMTD:lconv.obj
 0003:000067c8       __lconv_static_W_null      00000001400f67c8     LIBCMTD:lconv.obj
 0003:000067d0       ?m_pGetParameter@UnDecorator@@0P6APEADJ@ZEA 00000001400f67d0     LIBCMTD:undname.obj
 0003:000067d8       ?pArgList@UnDecorator@@0PEAVReplicator@@EA 00000001400f67d8     LIBCMTD:undname.obj
 0003:000067e0       ?pZNameList@UnDecorator@@0PEAVReplicator@@EA 00000001400f67e0     LIBCMTD:undname.obj
 0003:000067e8       ?pTemplateArgList@UnDecorator@@0PEAVReplicator@@EA 00000001400f67e8     LIBCMTD:undname.obj
 0003:000067f0       ?gName@UnDecorator@@0PEBDEB 00000001400f67f0     LIBCMTD:undname.obj
 0003:000067f8       ?name@UnDecorator@@0PEBDEB 00000001400f67f8     LIBCMTD:undname.obj
 0003:00006800       ?outputString@UnDecorator@@0PEADEA 00000001400f6800     LIBCMTD:undname.obj
 0003:00006808       ?maxStringLength@UnDecorator@@0HA 00000001400f6808     LIBCMTD:undname.obj
 0003:0000680c       ?disableFlags@UnDecorator@@0KA 00000001400f680c     LIBCMTD:undname.obj
 0003:00006810       ?fExplicitTemplateParams@UnDecorator@@0_NA 00000001400f6810     LIBCMTD:undname.obj
 0003:00006811       ?fGetTemplateArgumentList@UnDecorator@@0_NA 00000001400f6811     LIBCMTD:undname.obj
 0003:00006890       ?nodes@?1??make@DNameStatusNode@@SAPEAV2@W4DNameStatus@@@Z@4PAV2@A 00000001400f6890     LIBCMTD:undname.obj
 0003:000068d0       ??_B?1??make@DNameStatusNode@@SAPEAV1@W4DNameStatus@@@Z@51 00000001400f68d0     LIBCMTD:undname.obj
 0003:000068d4       _outputformat              00000001400f68d4     LIBCMTD:outputformat.obj
 0003:000068d8       __locale_changed           00000001400f68d8     LIBCMTD:wsetloca.obj
 0003:000068dc       _fmode                     00000001400f68dc     LIBCMTD:txtmode.obj
 0003:00006998       ?_Generic_object@?$_Error_objects@H@std@@2V_Generic_error_category@2@A 00000001400f6998     libcpmtd:xthrow.obj
 0003:000069a0       ?_Iostream_object@?$_Error_objects@H@std@@2V_Iostream_error_category@2@A 00000001400f69a0     libcpmtd:xthrow.obj
 0003:000069a8       ?_System_object@?$_Error_objects@H@std@@2V_System_error_category@2@A 00000001400f69a8     libcpmtd:xthrow.obj
 0003:000069b0       ?id@?$num_put@DV?$back_insert_iterator@V?$basic_string@DU?$char_traits@D@std@@V?$allocator@D@2@@std@@@std@@@std@@2V0locale@2@A 00000001400f69b0     libcpmtd:xthrow.obj
 0003:000069b8       ?id@?$num_put@_WV?$back_insert_iterator@V?$basic_string@_WU?$char_traits@_W@std@@V?$allocator@_W@2@@std@@@std@@@std@@2V0locale@2@A 00000001400f69b8     libcpmtd:xthrow.obj
 0003:000069c0       ?id@?$numpunct@D@std@@2V0locale@2@A 00000001400f69c0     libcpmtd:xthrow.obj
 0003:000069c8       ?id@?$numpunct@_W@std@@2V0locale@2@A 00000001400f69c8     libcpmtd:xthrow.obj
 0003:000069d4       __unguarded_readlc_active  00000001400f69d4     <common>
 0003:000069e4       __setlc_active             00000001400f69e4     <common>
 0003:000069e8       _pReportHookListW          00000001400f69e8     <common>
 0003:00006a00       _pReportHookList           00000001400f6a00     <common>
 0003:00006a08       _pfnReportHook             00000001400f6a08     <common>
 0003:00006a10       _nhandle                   00000001400f6a10     <common>
 0003:00006a20       encodedKERNEL32Functions   00000001400f6a20     <common>
 0003:00006b64       _debugger_hook_dummy       00000001400f6b64     <common>
 0003:00006b70       __piob                     00000001400f6b70     <common>
 0003:00006eb8       _nstream                   00000001400f6eb8     <common>
 0003:00006ec0       _bufin                     00000001400f6ec0     <common>
 0003:00007ec0       _acmdln                    00000001400f7ec0     <common>
 0003:00007ed8       __dyn_tls_init_callback    00000001400f7ed8     <common>
 0003:00007ef0       __onexitend                00000001400f7ef0     <common>
 0003:00007ef8       __onexitbegin              00000001400f7ef8     <common>
 0003:00007f00       __mbctype_initialized      00000001400f7f00     <common>
 0003:00007f04       __env_initialized          00000001400f7f04     <common>
 0005:00000000       __imp_CreateFileA          00000001400fe000     kernel32:KERNEL32.dll
 0005:00000008       __imp_GetFileSize          00000001400fe008     kernel32:KERNEL32.dll
 0005:00000010       __imp_WriteFile            00000001400fe010     kernel32:KERNEL32.dll
 0005:00000018       __imp_CloseHandle          00000001400fe018     kernel32:KERNEL32.dll
 0005:00000020       __imp_MapViewOfFile        00000001400fe020     kernel32:KERNEL32.dll
 0005:00000028       __imp_CreateFileMappingA   00000001400fe028     kernel32:KERNEL32.dll
 0005:00000030       __imp_GetStdHandle         00000001400fe030     kernel32:KERNEL32.dll
 0005:00000038       __imp_GetFileType          00000001400fe038     kernel32:KERNEL32.dll
 0005:00000040       __imp_GetModuleFileNameW   00000001400fe040     kernel32:KERNEL32.dll
 0005:00000048       __imp_GetModuleHandleExW   00000001400fe048     kernel32:KERNEL32.dll
 0005:00000050       __imp_WriteConsoleW        00000001400fe050     kernel32:KERNEL32.dll
 0005:00000058       __imp_EncodePointer        00000001400fe058     kernel32:KERNEL32.dll
 0005:00000060       __imp_DecodePointer        00000001400fe060     kernel32:KERNEL32.dll
 0005:00000068       __imp_IsDebuggerPresent    00000001400fe068     kernel32:KERNEL32.dll
 0005:00000070       __imp_IsProcessorFeaturePresent 00000001400fe070     kernel32:KERNEL32.dll
 0005:00000078       __imp_ReadFile             00000001400fe078     kernel32:KERNEL32.dll
 0005:00000080       __imp_GetLastError         00000001400fe080     kernel32:KERNEL32.dll
 0005:00000088       __imp_ExitProcess          00000001400fe088     kernel32:KERNEL32.dll
 0005:00000090       __imp_GetProcAddress       00000001400fe090     kernel32:KERNEL32.dll
 0005:00000098       __imp_AreFileApisANSI      00000001400fe098     kernel32:KERNEL32.dll
 0005:000000a0       __imp_MultiByteToWideChar  00000001400fe0a0     kernel32:KERNEL32.dll
 0005:000000a8       __imp_WideCharToMultiByte  00000001400fe0a8     kernel32:KERNEL32.dll
 0005:000000b0       __imp_GetSystemTimeAsFileTime 00000001400fe0b0     kernel32:KERNEL32.dll
 0005:000000b8       __imp_RtlLookupFunctionEntry 00000001400fe0b8     kernel32:KERNEL32.dll
 0005:000000c0       __imp_RtlUnwindEx          00000001400fe0c0     kernel32:KERNEL32.dll
 0005:000000c8       __imp_RtlPcToFileHeader    00000001400fe0c8     kernel32:KERNEL32.dll
 0005:000000d0       __imp_RaiseException       00000001400fe0d0     kernel32:KERNEL32.dll
 0005:000000d8       __imp_GetCommandLineA      00000001400fe0d8     kernel32:KERNEL32.dll
 0005:000000e0       __imp_EnterCriticalSection 00000001400fe0e0     kernel32:KERNEL32.dll
 0005:000000e8       __imp_LeaveCriticalSection 00000001400fe0e8     kernel32:KERNEL32.dll
 0005:000000f0       __imp_SetConsoleCtrlHandler 00000001400fe0f0     kernel32:KERNEL32.dll
 0005:000000f8       __imp_OutputDebugStringW   00000001400fe0f8     kernel32:KERNEL32.dll
 0005:00000100       __imp_WaitForSingleObjectEx 00000001400fe100     kernel32:KERNEL32.dll
 0005:00000108       __imp_CreateThread         00000001400fe108     kernel32:KERNEL32.dll
 0005:00000110       __imp_LoadLibraryExW       00000001400fe110     kernel32:KERNEL32.dll
 0005:00000118       __imp_DeleteCriticalSection 00000001400fe118     kernel32:KERNEL32.dll
 0005:00000120       __imp_FatalAppExitA        00000001400fe120     kernel32:KERNEL32.dll
 0005:00000128       __imp_HeapSize             00000001400fe128     kernel32:KERNEL32.dll
 0005:00000130       __imp_HeapValidate         00000001400fe130     kernel32:KERNEL32.dll
 0005:00000138       __imp_GetSystemInfo        00000001400fe138     kernel32:KERNEL32.dll
 0005:00000140       __imp_RtlCaptureContext    00000001400fe140     kernel32:KERNEL32.dll
 0005:00000148       __imp_RtlVirtualUnwind     00000001400fe148     kernel32:KERNEL32.dll
 0005:00000150       __imp_UnhandledExceptionFilter 00000001400fe150     kernel32:KERNEL32.dll
 0005:00000158       __imp_SetUnhandledExceptionFilter 00000001400fe158     kernel32:KERNEL32.dll
 0005:00000160       __imp_SetLastError         00000001400fe160     kernel32:KERNEL32.dll
 0005:00000168       __imp_InitializeCriticalSectionAndSpinCount 00000001400fe168     kernel32:KERNEL32.dll
 0005:00000170       __imp_CreateEventW         00000001400fe170     kernel32:KERNEL32.dll
 0005:00000178       __imp_Sleep                00000001400fe178     kernel32:KERNEL32.dll
 0005:00000180       __imp_GetCurrentProcess    00000001400fe180     kernel32:KERNEL32.dll
 0005:00000188       __imp_TerminateProcess     00000001400fe188     kernel32:KERNEL32.dll
 0005:00000190       __imp_TlsAlloc             00000001400fe190     kernel32:KERNEL32.dll
 0005:00000198       __imp_TlsGetValue          00000001400fe198     kernel32:KERNEL32.dll
 0005:000001a0       __imp_TlsSetValue          00000001400fe1a0     kernel32:KERNEL32.dll
 0005:000001a8       __imp_TlsFree              00000001400fe1a8     kernel32:KERNEL32.dll
 0005:000001b0       __imp_GetStartupInfoW      00000001400fe1b0     kernel32:KERNEL32.dll
 0005:000001b8       __imp_GetTickCount         00000001400fe1b8     kernel32:KERNEL32.dll
 0005:000001c0       __imp_GetModuleHandleW     00000001400fe1c0     kernel32:KERNEL32.dll
 0005:000001c8       __imp_CreateSemaphoreW     00000001400fe1c8     kernel32:KERNEL32.dll
 0005:000001d0       __imp_FlushFileBuffers     00000001400fe1d0     kernel32:KERNEL32.dll
 0005:000001d8       __imp_GetConsoleCP         00000001400fe1d8     kernel32:KERNEL32.dll
 0005:000001e0       __imp_GetConsoleMode       00000001400fe1e0     kernel32:KERNEL32.dll
 0005:000001e8       __imp_ReadConsoleW         00000001400fe1e8     kernel32:KERNEL32.dll
 0005:000001f0       __imp_SetFilePointerEx     00000001400fe1f0     kernel32:KERNEL32.dll
 0005:000001f8       __imp_FreeLibrary          00000001400fe1f8     kernel32:KERNEL32.dll
 0005:00000200       __imp_IsValidCodePage      00000001400fe200     kernel32:KERNEL32.dll
 0005:00000208       __imp_GetACP               00000001400fe208     kernel32:KERNEL32.dll
 0005:00000210       __imp_GetOEMCP             00000001400fe210     kernel32:KERNEL32.dll
 0005:00000218       __imp_GetCPInfo            00000001400fe218     kernel32:KERNEL32.dll
 0005:00000220       __imp_GetCurrentThread     00000001400fe220     kernel32:KERNEL32.dll
 0005:00000228       __imp_GetCurrentThreadId   00000001400fe228     kernel32:KERNEL32.dll
 0005:00000230       __imp_GetTimeZoneInformation 00000001400fe230     kernel32:KERNEL32.dll
 0005:00000238       __imp_OutputDebugStringA   00000001400fe238     kernel32:KERNEL32.dll
 0005:00000240       __imp_GetProcessHeap       00000001400fe240     kernel32:KERNEL32.dll
 0005:00000248       __imp_GetModuleFileNameA   00000001400fe248     kernel32:KERNEL32.dll
 0005:00000250       __imp_QueryPerformanceCounter 00000001400fe250     kernel32:KERNEL32.dll
 0005:00000258       __imp_GetCurrentProcessId  00000001400fe258     kernel32:KERNEL32.dll
 0005:00000260       __imp_GetEnvironmentStringsW 00000001400fe260     kernel32:KERNEL32.dll
 0005:00000268       __imp_FreeEnvironmentStringsW 00000001400fe268     kernel32:KERNEL32.dll
 0005:00000270       __imp_GetDateFormatW       00000001400fe270     kernel32:KERNEL32.dll
 0005:00000278       __imp_GetTimeFormatW       00000001400fe278     kernel32:KERNEL32.dll
 0005:00000280       __imp_CompareStringW       00000001400fe280     kernel32:KERNEL32.dll
 0005:00000288       __imp_LCMapStringW         00000001400fe288     kernel32:KERNEL32.dll
 0005:00000290       __imp_GetLocaleInfoW       00000001400fe290     kernel32:KERNEL32.dll
 0005:00000298       __imp_IsValidLocale        00000001400fe298     kernel32:KERNEL32.dll
 0005:000002a0       __imp_GetUserDefaultLCID   00000001400fe2a0     kernel32:KERNEL32.dll
 0005:000002a8       __imp_EnumSystemLocalesW   00000001400fe2a8     kernel32:KERNEL32.dll
 0005:000002b0       __imp_HeapFree             00000001400fe2b0     kernel32:KERNEL32.dll
 0005:000002b8       __imp_HeapReAlloc          00000001400fe2b8     kernel32:KERNEL32.dll
 0005:000002c0       __imp_HeapQueryInformation 00000001400fe2c0     kernel32:KERNEL32.dll
 0005:000002c8       __imp_HeapAlloc            00000001400fe2c8     kernel32:KERNEL32.dll
 0005:000002d0       __imp_SetStdHandle         00000001400fe2d0     kernel32:KERNEL32.dll
 0005:000002d8       __imp_GetStringTypeW       00000001400fe2d8     kernel32:KERNEL32.dll
 0005:000002e0       __imp_CreateFileW          00000001400fe2e0     kernel32:KERNEL32.dll
 0005:000002e8       __imp_SetEndOfFile         00000001400fe2e8     kernel32:KERNEL32.dll
 0005:000002f0       __imp_SetEnvironmentVariableA 00000001400fe2f0     kernel32:KERNEL32.dll
 0005:000002f8       __imp_GetNumberOfConsoleInputEvents 00000001400fe2f8     kernel32:KERNEL32.dll
 0005:00000300       __imp_PeekConsoleInputA    00000001400fe300     kernel32:KERNEL32.dll
 0005:00000308       __imp_ReadConsoleInputA    00000001400fe308     kernel32:KERNEL32.dll
 0005:00000310       __imp_SetConsoleMode       00000001400fe310     kernel32:KERNEL32.dll
 0005:00000318       \177KERNEL32_NULL_THUNK_DATA 00000001400fe318     kernel32:KERNEL32.dll
 0005:00000408       __IMPORT_DESCRIPTOR_KERNEL32 00000001400fe408     kernel32:KERNEL32.dll
 0005:0000041c       __NULL_IMPORT_DESCRIPTOR   00000001400fe41c     kernel32:KERNEL32.dll

 entry point at        0001:00037950

